Archive member included to satisfy reference by file (symbol)

/Applications/STM32CubeIDE.app/Contents/Eclipse/plugins/com.st.stm32cube.ide.mcu.externaltools.gnu-tools-for-stm32.10.3-2021.10.macos64_1.0.0.202111181127/tools/bin/../lib/gcc/arm-none-eabi/10.3.1/../../../../arm-none-eabi/lib/thumb/v7-m/nofp/libc_nano.a(lib_a-errno.o)
                              ./Core/Src/syscalls.o (__errno)
/Applications/STM32CubeIDE.app/Contents/Eclipse/plugins/com.st.stm32cube.ide.mcu.externaltools.gnu-tools-for-stm32.10.3-2021.10.macos64_1.0.0.202111181127/tools/bin/../lib/gcc/arm-none-eabi/10.3.1/../../../../arm-none-eabi/lib/thumb/v7-m/nofp/libc_nano.a(lib_a-exit.o)
                              /Applications/STM32CubeIDE.app/Contents/Eclipse/plugins/com.st.stm32cube.ide.mcu.externaltools.gnu-tools-for-stm32.10.3-2021.10.macos64_1.0.0.202111181127/tools/bin/../lib/gcc/arm-none-eabi/10.3.1/../../../../arm-none-eabi/lib/thumb/v7-m/nofp/crt0.o (exit)
/Applications/STM32CubeIDE.app/Contents/Eclipse/plugins/com.st.stm32cube.ide.mcu.externaltools.gnu-tools-for-stm32.10.3-2021.10.macos64_1.0.0.202111181127/tools/bin/../lib/gcc/arm-none-eabi/10.3.1/../../../../arm-none-eabi/lib/thumb/v7-m/nofp/libc_nano.a(lib_a-impure.o)
                              /Applications/STM32CubeIDE.app/Contents/Eclipse/plugins/com.st.stm32cube.ide.mcu.externaltools.gnu-tools-for-stm32.10.3-2021.10.macos64_1.0.0.202111181127/tools/bin/../lib/gcc/arm-none-eabi/10.3.1/../../../../arm-none-eabi/lib/thumb/v7-m/nofp/libc_nano.a(lib_a-exit.o) (_global_impure_ptr)
/Applications/STM32CubeIDE.app/Contents/Eclipse/plugins/com.st.stm32cube.ide.mcu.externaltools.gnu-tools-for-stm32.10.3-2021.10.macos64_1.0.0.202111181127/tools/bin/../lib/gcc/arm-none-eabi/10.3.1/../../../../arm-none-eabi/lib/thumb/v7-m/nofp/libc_nano.a(lib_a-init.o)
                              /Applications/STM32CubeIDE.app/Contents/Eclipse/plugins/com.st.stm32cube.ide.mcu.externaltools.gnu-tools-for-stm32.10.3-2021.10.macos64_1.0.0.202111181127/tools/bin/../lib/gcc/arm-none-eabi/10.3.1/../../../../arm-none-eabi/lib/thumb/v7-m/nofp/crt0.o (__libc_init_array)
/Applications/STM32CubeIDE.app/Contents/Eclipse/plugins/com.st.stm32cube.ide.mcu.externaltools.gnu-tools-for-stm32.10.3-2021.10.macos64_1.0.0.202111181127/tools/bin/../lib/gcc/arm-none-eabi/10.3.1/../../../../arm-none-eabi/lib/thumb/v7-m/nofp/libc_nano.a(lib_a-memset.o)
                              /Applications/STM32CubeIDE.app/Contents/Eclipse/plugins/com.st.stm32cube.ide.mcu.externaltools.gnu-tools-for-stm32.10.3-2021.10.macos64_1.0.0.202111181127/tools/bin/../lib/gcc/arm-none-eabi/10.3.1/../../../../arm-none-eabi/lib/thumb/v7-m/nofp/crt0.o (memset)
/Applications/STM32CubeIDE.app/Contents/Eclipse/plugins/com.st.stm32cube.ide.mcu.externaltools.gnu-tools-for-stm32.10.3-2021.10.macos64_1.0.0.202111181127/tools/bin/../lib/gcc/arm-none-eabi/10.3.1/../../../../arm-none-eabi/lib/thumb/v7-m/nofp/libc_nano.a(lib_a-sprintf.o)
                              ./Core/Src/main.o (sprintf)
/Applications/STM32CubeIDE.app/Contents/Eclipse/plugins/com.st.stm32cube.ide.mcu.externaltools.gnu-tools-for-stm32.10.3-2021.10.macos64_1.0.0.202111181127/tools/bin/../lib/gcc/arm-none-eabi/10.3.1/../../../../arm-none-eabi/lib/thumb/v7-m/nofp/libc_nano.a(lib_a-nano-svfprintf.o)
                              /Applications/STM32CubeIDE.app/Contents/Eclipse/plugins/com.st.stm32cube.ide.mcu.externaltools.gnu-tools-for-stm32.10.3-2021.10.macos64_1.0.0.202111181127/tools/bin/../lib/gcc/arm-none-eabi/10.3.1/../../../../arm-none-eabi/lib/thumb/v7-m/nofp/libc_nano.a(lib_a-sprintf.o) (_svfprintf_r)
/Applications/STM32CubeIDE.app/Contents/Eclipse/plugins/com.st.stm32cube.ide.mcu.externaltools.gnu-tools-for-stm32.10.3-2021.10.macos64_1.0.0.202111181127/tools/bin/../lib/gcc/arm-none-eabi/10.3.1/../../../../arm-none-eabi/lib/thumb/v7-m/nofp/libc_nano.a(lib_a-nano-vfprintf_i.o)
                              /Applications/STM32CubeIDE.app/Contents/Eclipse/plugins/com.st.stm32cube.ide.mcu.externaltools.gnu-tools-for-stm32.10.3-2021.10.macos64_1.0.0.202111181127/tools/bin/../lib/gcc/arm-none-eabi/10.3.1/../../../../arm-none-eabi/lib/thumb/v7-m/nofp/libc_nano.a(lib_a-nano-svfprintf.o) (_printf_i)
/Applications/STM32CubeIDE.app/Contents/Eclipse/plugins/com.st.stm32cube.ide.mcu.externaltools.gnu-tools-for-stm32.10.3-2021.10.macos64_1.0.0.202111181127/tools/bin/../lib/gcc/arm-none-eabi/10.3.1/../../../../arm-none-eabi/lib/thumb/v7-m/nofp/libc_nano.a(lib_a-memchr-stub.o)
                              /Applications/STM32CubeIDE.app/Contents/Eclipse/plugins/com.st.stm32cube.ide.mcu.externaltools.gnu-tools-for-stm32.10.3-2021.10.macos64_1.0.0.202111181127/tools/bin/../lib/gcc/arm-none-eabi/10.3.1/../../../../arm-none-eabi/lib/thumb/v7-m/nofp/libc_nano.a(lib_a-nano-svfprintf.o) (memchr)
[...]
Memory Configuration

Name             Origin             Length             Attributes
RAM              0x0000000020000000 0x0000000000010000 xrw
FLASH            0x0000000008000000 0x0000000000080000 xr
*default*        0x0000000000000000 0xffffffffffffffff

Linker script and memory map

LOAD /Applications/STM32CubeIDE.app/Contents/Eclipse/plugins/com.st.stm32cube.ide.mcu.externaltools.gnu-tools-for-stm32.10.3-2021.10.macos64_1.0.0.202111181127/tools/bin/../lib/gcc/arm-none-eabi/10.3.1/thumb/v7-m/nofp/crti.o
LOAD /Applications/STM32CubeIDE.app/Contents/Eclipse/plugins/com.st.stm32cube.ide.mcu.externaltools.gnu-tools-for-stm32.10.3-2021.10.macos64_1.0.0.202111181127/tools/bin/../lib/gcc/arm-none-eabi/10.3.1/thumb/v7-m/nofp/crtbegin.o
LOAD /Applications/STM32CubeIDE.app/Contents/Eclipse/plugins/com.st.stm32cube.ide.mcu.externaltools.gnu-tools-for-stm32.10.3-2021.10.macos64_1.0.0.202111181127/tools/bin/../lib/gcc/arm-none-eabi/10.3.1/../../../../arm-none-eabi/lib/thumb/v7-m/nofp/crt0.o
LOAD ./Core/Src/lcd.o
LOAD ./Core/Src/main.o
LOAD ./Core/Src/stm32f1xx_hal_msp.o
LOAD ./Core/Src/stm32f1xx_it.o
LOAD ./Core/Src/syscalls.o
LOAD ./Core/Src/sysmem.o
LOAD ./Core/Src/system_stm32f1xx.o
LOAD ./Core/Startup/startup_stm32f103vetx.o
LOAD ./Drivers/STM32F1xx_HAL_Driver/Src/stm32f1xx_hal.o
LOAD ./Drivers/STM32F1xx_HAL_Driver/Src/stm32f1xx_hal_cortex.o
LOAD ./Drivers/STM32F1xx_HAL_Driver/Src/stm32f1xx_hal_dac.o
LOAD ./Drivers/STM32F1xx_HAL_Driver/Src/stm32f1xx_hal_dac_ex.o
LOAD ./Drivers/STM32F1xx_HAL_Driver/Src/stm32f1xx_hal_dma.o
LOAD ./Drivers/STM32F1xx_HAL_Driver/Src/stm32f1xx_hal_exti.o
LOAD ./Drivers/STM32F1xx_HAL_Driver/Src/stm32f1xx_hal_flash.o
LOAD ./Drivers/STM32F1xx_HAL_Driver/Src/stm32f1xx_hal_flash_ex.o
LOAD ./Drivers/STM32F1xx_HAL_Driver/Src/stm32f1xx_hal_gpio.o
LOAD ./Drivers/STM32F1xx_HAL_Driver/Src/stm32f1xx_hal_gpio_ex.o
LOAD ./Drivers/STM32F1xx_HAL_Driver/Src/stm32f1xx_hal_i2c.o
LOAD ./Drivers/STM32F1xx_HAL_Driver/Src/stm32f1xx_hal_pwr.o
LOAD ./Drivers/STM32F1xx_HAL_Driver/Src/stm32f1xx_hal_rcc.o
LOAD ./Drivers/STM32F1xx_HAL_Driver/Src/stm32f1xx_hal_rcc_ex.o
LOAD ./Drivers/STM32F1xx_HAL_Driver/Src/stm32f1xx_hal_sd.o
LOAD ./Drivers/STM32F1xx_HAL_Driver/Src/stm32f1xx_hal_sram.o
LOAD ./Drivers/STM32F1xx_HAL_Driver/Src/stm32f1xx_hal_tim.o
LOAD ./Drivers/STM32F1xx_HAL_Driver/Src/stm32f1xx_hal_tim_ex.o
LOAD ./Drivers/STM32F1xx_HAL_Driver/Src/stm32f1xx_ll_fsmc.o
LOAD ./Drivers/STM32F1xx_HAL_Driver/Src/stm32f1xx_ll_sdmmc.o
LOAD ./FATFS/App/fatfs.o
LOAD ./FATFS/Target/bsp_driver_sd.o
LOAD ./Middlewares/Third_Party/FatFs/src/diskio.o
LOAD ./Middlewares/Third_Party/FatFs/src/ff.o
LOAD ./Middlewares/Third_Party/FatFs/src/ff_gen_drv.o
LOAD ./Middlewares/Third_Party/FatFs/src/drivers/sd_diskio.o
LOAD ./Middlewares/Third_Party/FatFs/src/option/syscall.o
START GROUP
LOAD /Applications/STM32CubeIDE.app/Contents/Eclipse/plugins/com.st.stm32cube.ide.mcu.externaltools.gnu-tools-for-stm32.10.3-2021.10.macos64_1.0.0.202111181127/tools/bin/../lib/gcc/arm-none-eabi/10.3.1/../../../../arm-none-eabi/lib/thumb/v7-m/nofp/libc_nano.a
LOAD /Applications/STM32CubeIDE.app/Contents/Eclipse/plugins/com.st.stm32cube.ide.mcu.externaltools.gnu-tools-for-stm32.10.3-2021.10.macos64_1.0.0.202111181127/tools/bin/../lib/gcc/arm-none-eabi/10.3.1/../../../../arm-none-eabi/lib/thumb/v7-m/nofp/libm.a
END GROUP
START GROUP
LOAD /Applications/STM32CubeIDE.app/Contents/Eclipse/plugins/com.st.stm32cube.ide.mcu.externaltools.gnu-tools-for-stm32.10.3-2021.10.macos64_1.0.0.202111181127/tools/bin/../lib/gcc/arm-none-eabi/10.3.1/thumb/v7-m/nofp/libgcc.a
LOAD /Applications/STM32CubeIDE.app/Contents/Eclipse/plugins/com.st.stm32cube.ide.mcu.externaltools.gnu-tools-for-stm32.10.3-2021.10.macos64_1.0.0.202111181127/tools/bin/../lib/gcc/arm-none-eabi/10.3.1/../../../../arm-none-eabi/lib/thumb/v7-m/nofp/libc_nano.a
END GROUP
START GROUP
LOAD /Applications/STM32CubeIDE.app/Contents/Eclipse/plugins/com.st.stm32cube.ide.mcu.externaltools.gnu-tools-for-stm32.10.3-2021.10.macos64_1.0.0.202111181127/tools/bin/../lib/gcc/arm-none-eabi/10.3.1/thumb/v7-m/nofp/libgcc.a
LOAD /Applications/STM32CubeIDE.app/Contents/Eclipse/plugins/com.st.stm32cube.ide.mcu.externaltools.gnu-tools-for-stm32.10.3-2021.10.macos64_1.0.0.202111181127/tools/bin/../lib/gcc/arm-none-eabi/10.3.1/../../../../arm-none-eabi/lib/thumb/v7-m/nofp/libc_nano.a
LOAD /Applications/STM32CubeIDE.app/Contents/Eclipse/plugins/com.st.stm32cube.ide.mcu.externaltools.gnu-tools-for-stm32.10.3-2021.10.macos64_1.0.0.202111181127/tools/bin/../lib/gcc/arm-none-eabi/10.3.1/../../../../arm-none-eabi/lib/thumb/v7-m/nofp/libnosys.a
END GROUP
START GROUP
LOAD /Applications/STM32CubeIDE.app/Contents/Eclipse/plugins/com.st.stm32cube.ide.mcu.externaltools.gnu-tools-for-stm32.10.3-2021.10.macos64_1.0.0.202111181127/tools/bin/../lib/gcc/arm-none-eabi/10.3.1/thumb/v7-m/nofp/libgcc.a
LOAD /Applications/STM32CubeIDE.app/Contents/Eclipse/plugins/com.st.stm32cube.ide.mcu.externaltools.gnu-tools-for-stm32.10.3-2021.10.macos64_1.0.0.202111181127/tools/bin/../lib/gcc/arm-none-eabi/10.3.1/../../../../arm-none-eabi/lib/thumb/v7-m/nofp/libc_nano.a
LOAD /Applications/STM32CubeIDE.app/Contents/Eclipse/plugins/com.st.stm32cube.ide.mcu.externaltools.gnu-tools-for-stm32.10.3-2021.10.macos64_1.0.0.202111181127/tools/bin/../lib/gcc/arm-none-eabi/10.3.1/../../../../arm-none-eabi/lib/thumb/v7-m/nofp/libnosys.a
END GROUP
LOAD /Applications/STM32CubeIDE.app/Contents/Eclipse/plugins/com.st.stm32cube.ide.mcu.externaltools.gnu-tools-for-stm32.10.3-2021.10.macos64_1.0.0.202111181127/tools/bin/../lib/gcc/arm-none-eabi/10.3.1/thumb/v7-m/nofp/crtend.o
LOAD /Applications/STM32CubeIDE.app/Contents/Eclipse/plugins/com.st.stm32cube.ide.mcu.externaltools.gnu-tools-for-stm32.10.3-2021.10.macos64_1.0.0.202111181127/tools/bin/../lib/gcc/arm-none-eabi/10.3.1/thumb/v7-m/nofp/crtn.o
                0x0000000020010000                _estack = (ORIGIN (RAM) + LENGTH (RAM))
                0x0000000000000200                _Min_Heap_Size = 0x200
                0x0000000000000400                _Min_Stack_Size = 0x400

.isr_vector     0x0000000008000000      0x1e4
                0x0000000008000000                . = ALIGN (0x4)
 *(.isr_vector)
 .isr_vector    0x0000000008000000      0x1e4 ./Core/Startup/startup_stm32f103vetx.o
                0x0000000008000000                g_pfnVectors
                0x00000000080001e4                . = ALIGN (0x4)

.text           0x00000000080001e4     0xa670
                0x00000000080001e4                . = ALIGN (0x4)
 *(.text)
 .text          0x00000000080001e4       0x40 /Applications/STM32CubeIDE.app/Contents/Eclipse/plugins/com.st.stm32cube.ide.mcu.externaltools.gnu-tools-for-stm32.10.3-2021.10.macos64_1.0.0.202111181127/tools/bin/../lib/gcc/arm-none-eabi/10.3.1/thumb/v7-m/nofp/crtbegin.o
 .text          0x0000000008000224      0x21c /Applications/STM32CubeIDE.app/Contents/Eclipse/plugins/com.st.stm32cube.ide.mcu.externaltools.gnu-tools-for-stm32.10.3-2021.10.macos64_1.0.0.202111181127/tools/bin/../lib/gcc/arm-none-eabi/10.3.1/thumb/v7-m/nofp/libgcc.a(_arm_addsubsf3.o)
                0x0000000008000224                __aeabi_frsub
                0x000000000800022c                __aeabi_fsub
                0x000000000800022c                __subsf3
                0x0000000008000230                __aeabi_fadd
                0x0000000008000230                __addsf3
                0x0000000008000390                __aeabi_ui2f
                0x0000000008000390                __floatunsisf
                0x0000000008000398                __floatsisf
                0x0000000008000398                __aeabi_i2f
                0x00000000080003b4                __aeabi_ul2f
                0x00000000080003b4                __floatundisf
                0x00000000080003c4                __aeabi_l2f
                0x00000000080003c4                __floatdisf
 .text          0x0000000008000440      0x2a0 /Applications/STM32CubeIDE.app/Contents/Eclipse/plugins/com.st.stm32cube.ide.mcu.externaltools.gnu-tools-for-stm32.10.3-2021.10.macos64_1.0.0.202111181127/tools/bin/../lib/gcc/arm-none-eabi/10.3.1/thumb/v7-m/nofp/libgcc.a(_arm_muldivsf3.o)
                0x0000000008000440                __mulsf3
                0x0000000008000440                __aeabi_fmul
                0x00000000080005a8                __divsf3
                0x00000000080005a8                __aeabi_fdiv
 .text          0x00000000080006e0       0xec /Applications/STM32CubeIDE.app/Contents/Eclipse/plugins/com.st.stm32cube.ide.mcu.externaltools.gnu-tools-for-stm32.10.3-2021.10.macos64_1.0.0.202111181127/tools/bin/../lib/gcc/arm-none-eabi/10.3.1/thumb/v7-m/nofp/libgcc.a(_arm_cmpsf2.o)
                0x00000000080006e0                __gesf2
                0x00000000080006e0                __gtsf2
                0x00000000080006e8                __ltsf2
                0x00000000080006e8                __lesf2
                0x00000000080006f0                __nesf2
                0x00000000080006f0                __eqsf2
                0x00000000080006f0                __cmpsf2
                0x0000000008000750                __aeabi_cfrcmple
                0x0000000008000758                __aeabi_cfcmpeq
                0x0000000008000758                __aeabi_cfcmple
                0x0000000008000768                __aeabi_fcmpeq
                0x000000000800077c                __aeabi_fcmplt
                0x0000000008000790                __aeabi_fcmple
                0x00000000080007a4                __aeabi_fcmpge
                0x00000000080007b8                __aeabi_fcmpgt
 *(.text*)
 .text.Delay    0x00000000080007cc       0x22 ./Core/Src/lcd.o
                0x00000000080007cc                Delay
 .text.LCD_INIT
                0x00000000080007ee       0x2e ./Core/Src/lcd.o
                0x00000000080007ee                LCD_INIT
 .text.LCD_Rst  0x000000000800081c       0x30 ./Core/Src/lcd.o
                0x000000000800081c                LCD_Rst
 .text.LCD_BackLed_Control
                0x000000000800084c       0x38 ./Core/Src/lcd.o
                0x000000000800084c                LCD_BackLed_Control
 .text.LCD_Write_Cmd
                0x0000000008000884       0x1c ./Core/Src/lcd.o
                0x0000000008000884                LCD_Write_Cmd
 .text.LCD_Write_Data
                0x00000000080008a0       0x20 ./Core/Src/lcd.o
                0x00000000080008a0                LCD_Write_Data
 .text.LCD_REG_Config
                0x00000000080008c0      0x234 ./Core/Src/lcd.o
                0x00000000080008c0                LCD_REG_Config
 .text.LCD_OpenWindow
                0x0000000008000af4       0xb2 ./Core/Src/lcd.o
                0x0000000008000af4                LCD_OpenWindow
 .text.LCD_FillColor
                0x0000000008000ba6       0x3c ./Core/Src/lcd.o
                0x0000000008000ba6                LCD_FillColor
 .text.LCD_Clear
                0x0000000008000be2       0x46 ./Core/Src/lcd.o
                0x0000000008000be2                LCD_Clear
 .text.LCD_DrawChar
                0x0000000008000c28       0x8c ./Core/Src/lcd.o
                0x0000000008000c28                LCD_DrawChar
 .text.LCD_DrawString
                0x0000000008000cb4       0x5e ./Core/Src/lcd.o
                0x0000000008000cb4                LCD_DrawString
 *fill*         0x0000000008000d12        0x2 
 .text.PlayDrum
                0x0000000008000d14       0xbc ./Core/Src/main.o
                0x0000000008000d14                PlayDrum
 .text.HAL_DAC_ConvHalfCpltCallbackCh1
                0x0000000008000dd0       0x1c ./Core/Src/main.o
                0x0000000008000dd0                HAL_DAC_ConvHalfCpltCallbackCh1
 .text.HAL_DAC_ConvCpltCallbackCh1
                0x0000000008000dec       0x1c ./Core/Src/main.o
                0x0000000008000dec                HAL_DAC_ConvCpltCallbackCh1
 .text.MPU6050_Init
                0x0000000008000e08       0x68 ./Core/Src/main.o
                0x0000000008000e08                MPU6050_Init
 .text.MPU6050_Read_Accel
                0x0000000008000e70       0xc8 ./Core/Src/main.o
                0x0000000008000e70                MPU6050_Read_Accel
 .text.EMA_Filter
                0x0000000008000f38       0x58 ./Core/Src/main.o
                0x0000000008000f38                EMA_Filter
 .text.DetectDrumHit_Advanced
                0x0000000008000f90       0xdc ./Core/Src/main.o
                0x0000000008000f90                DetectDrumHit_Advanced
 .text.Calibrate_Gyro_Offset
                0x000000000800106c       0x78 ./Core/Src/main.o
                0x000000000800106c                Calibrate_Gyro_Offset
 .text.main     0x00000000080010e4      0x668 ./Core/Src/main.o
                0x00000000080010e4                main
 .text.SystemClock_Config
                0x000000000800174c       0x8a ./Core/Src/main.o
                0x000000000800174c                SystemClock_Config
 *fill*         0x00000000080017d6        0x2 
 .text.MX_DAC_Init
                0x00000000080017d8       0x54 ./Core/Src/main.o
 .text.MX_I2C2_Init
                0x000000000800182c       0x5c ./Core/Src/main.o
 .text.MX_SDIO_SD_Init
                0x0000000008001888       0x40 ./Core/Src/main.o
 .text.MX_TIM6_Init
                0x00000000080018c8       0x6c ./Core/Src/main.o
 .text.MX_DMA_Init
                0x0000000008001934       0x3c ./Core/Src/main.o
 .text.MX_GPIO_Init
                0x0000000008001970      0x160 ./Core/Src/main.o
 .text.MX_FSMC_Init
                0x0000000008001ad0       0xc8 ./Core/Src/main.o
 .text.Error_Handler
                0x0000000008001b98        0xa ./Core/Src/main.o
                0x0000000008001b98                Error_Handler
 *fill*         0x0000000008001ba2        0x2 
 .text.HAL_MspInit
                0x0000000008001ba4       0x64 ./Core/Src/stm32f1xx_hal_msp.o
                0x0000000008001ba4                HAL_MspInit
 .text.HAL_DAC_MspInit
                0x0000000008001c08       0xd4 ./Core/Src/stm32f1xx_hal_msp.o
                0x0000000008001c08                HAL_DAC_MspInit
 .text.HAL_I2C_MspInit
                0x0000000008001cdc       0x80 ./Core/Src/stm32f1xx_hal_msp.o
                0x0000000008001cdc                HAL_I2C_MspInit
 .text.HAL_SD_MspInit
                0x0000000008001d5c       0xc4 ./Core/Src/stm32f1xx_hal_msp.o
                0x0000000008001d5c                HAL_SD_MspInit
 .text.HAL_TIM_Base_MspInit
                0x0000000008001e20       0x3c ./Core/Src/stm32f1xx_hal_msp.o
                0x0000000008001e20                HAL_TIM_Base_MspInit
 .text.HAL_FSMC_MspInit
                0x0000000008001e5c       0x88 ./Core/Src/stm32f1xx_hal_msp.o
 .text.HAL_SRAM_MspInit
                0x0000000008001ee4       0x14 ./Core/Src/stm32f1xx_hal_msp.o
                0x0000000008001ee4                HAL_SRAM_MspInit
 .text.NMI_Handler
                0x0000000008001ef8        0x6 ./Core/Src/stm32f1xx_it.o
                0x0000000008001ef8                NMI_Handler
 .text.HardFault_Handler
                0x0000000008001efe        0x6 ./Core/Src/stm32f1xx_it.o
                0x0000000008001efe                HardFault_Handler
 .text.MemManage_Handler
                0x0000000008001f04        0x6 ./Core/Src/stm32f1xx_it.o
                0x0000000008001f04                MemManage_Handler
 .text.BusFault_Handler
                0x0000000008001f0a        0x6 ./Core/Src/stm32f1xx_it.o
                0x0000000008001f0a                BusFault_Handler
 .text.UsageFault_Handler
                0x0000000008001f10        0x6 ./Core/Src/stm32f1xx_it.o
                0x0000000008001f10                UsageFault_Handler
 .text.SVC_Handler
                0x0000000008001f16        0xc ./Core/Src/stm32f1xx_it.o
                0x0000000008001f16                SVC_Handler
 .text.DebugMon_Handler
                0x0000000008001f22        0xc ./Core/Src/stm32f1xx_it.o
                0x0000000008001f22                DebugMon_Handler
 .text.PendSV_Handler
                0x0000000008001f2e        0xc ./Core/Src/stm32f1xx_it.o
                0x0000000008001f2e                PendSV_Handler
 .text.SysTick_Handler
                0x0000000008001f3a        0xc ./Core/Src/stm32f1xx_it.o
                0x0000000008001f3a                SysTick_Handler
 *fill*         0x0000000008001f46        0x2 
 .text.SDIO_IRQHandler
                0x0000000008001f48       0x14 ./Core/Src/stm32f1xx_it.o
                0x0000000008001f48                SDIO_IRQHandler
 .text.DMA2_Channel3_IRQHandler
                0x0000000008001f5c       0x14 ./Core/Src/stm32f1xx_it.o
                0x0000000008001f5c                DMA2_Channel3_IRQHandler
 .text.SystemInit
                0x0000000008001f70        0xc ./Core/Src/system_stm32f1xx.o
                0x0000000008001f70                SystemInit
 .text.Reset_Handler
                0x0000000008001f7c       0x48 ./Core/Startup/startup_stm32f103vetx.o
                0x0000000008001f7c                Reset_Handler
 .text.Default_Handler
                0x0000000008001fc4        0x2 ./Core/Startup/startup_stm32f103vetx.o
                0x0000000008001fc4                USBWakeUp_IRQHandler
                0x0000000008001fc4                EXTI2_IRQHandler
                0x0000000008001fc4                TIM8_TRG_COM_IRQHandler
                0x0000000008001fc4                TIM8_CC_IRQHandler
                0x0000000008001fc4                TIM1_CC_IRQHandler
                0x0000000008001fc4                TIM6_IRQHandler
                0x0000000008001fc4                PVD_IRQHandler
                0x0000000008001fc4                EXTI3_IRQHandler
                0x0000000008001fc4                EXTI0_IRQHandler
                0x0000000008001fc4                I2C2_EV_IRQHandler
                0x0000000008001fc4                ADC1_2_IRQHandler
                0x0000000008001fc4                SPI1_IRQHandler
                0x0000000008001fc4                TAMPER_IRQHandler
                0x0000000008001fc4                TIM8_UP_IRQHandler
                0x0000000008001fc4                DMA2_Channel2_IRQHandler
                0x0000000008001fc4                DMA1_Channel4_IRQHandler
                0x0000000008001fc4                USART3_IRQHandler
                0x0000000008001fc4                RTC_IRQHandler
                0x0000000008001fc4                DMA1_Channel7_IRQHandler
                0x0000000008001fc4                CAN1_RX1_IRQHandler
                0x0000000008001fc4                UART5_IRQHandler
                0x0000000008001fc4                ADC3_IRQHandler
                0x0000000008001fc4                TIM4_IRQHandler
                0x0000000008001fc4                DMA2_Channel1_IRQHandler
                0x0000000008001fc4                I2C1_EV_IRQHandler
                0x0000000008001fc4                DMA1_Channel6_IRQHandler
                0x0000000008001fc4                UART4_IRQHandler
                0x0000000008001fc4                TIM3_IRQHandler
                0x0000000008001fc4                RCC_IRQHandler
                0x0000000008001fc4                TIM1_TRG_COM_IRQHandler
                0x0000000008001fc4                DMA1_Channel1_IRQHandler
                0x0000000008001fc4                Default_Handler
                0x0000000008001fc4                EXTI15_10_IRQHandler
                0x0000000008001fc4                TIM7_IRQHandler
                0x0000000008001fc4                TIM5_IRQHandler
                0x0000000008001fc4                EXTI9_5_IRQHandler
                0x0000000008001fc4                SPI2_IRQHandler
                0x0000000008001fc4                DMA1_Channel5_IRQHandler
                0x0000000008001fc4                EXTI4_IRQHandler
                0x0000000008001fc4                USB_LP_CAN1_RX0_IRQHandler
                0x0000000008001fc4                USB_HP_CAN1_TX_IRQHandler
                0x0000000008001fc4                DMA1_Channel3_IRQHandler
                0x0000000008001fc4                FSMC_IRQHandler
                0x0000000008001fc4                TIM1_UP_IRQHandler
                0x0000000008001fc4                WWDG_IRQHandler
                0x0000000008001fc4                TIM2_IRQHandler
                0x0000000008001fc4                TIM1_BRK_IRQHandler
                0x0000000008001fc4                EXTI1_IRQHandler
                0x0000000008001fc4                DMA2_Channel4_5_IRQHandler
                0x0000000008001fc4                USART2_IRQHandler
                0x0000000008001fc4                I2C2_ER_IRQHandler
                0x0000000008001fc4                DMA1_Channel2_IRQHandler
                0x0000000008001fc4                TIM8_BRK_IRQHandler
                0x0000000008001fc4                CAN1_SCE_IRQHandler
                0x0000000008001fc4                FLASH_IRQHandler
                0x0000000008001fc4                USART1_IRQHandler
                0x0000000008001fc4                SPI3_IRQHandler
                0x0000000008001fc4                I2C1_ER_IRQHandler
                0x0000000008001fc4                RTC_Alarm_IRQHandler
 *fill*         0x0000000008001fc6        0x2 
 .text.HAL_Init
                0x0000000008001fc8       0x2c ./Drivers/STM32F1xx_HAL_Driver/Src/stm32f1xx_hal.o
                0x0000000008001fc8                HAL_Init
 .text.HAL_InitTick
                0x0000000008001ff4       0x60 ./Drivers/STM32F1xx_HAL_Driver/Src/stm32f1xx_hal.o
                0x0000000008001ff4                HAL_InitTick
 .text.HAL_IncTick
                0x0000000008002054       0x24 ./Drivers/STM32F1xx_HAL_Driver/Src/stm32f1xx_hal.o
                0x0000000008002054                HAL_IncTick
 .text.HAL_GetTick
                0x0000000008002078       0x14 ./Drivers/STM32F1xx_HAL_Driver/Src/stm32f1xx_hal.o
                0x0000000008002078                HAL_GetTick
 .text.HAL_Delay
                0x000000000800208c       0x48 ./Drivers/STM32F1xx_HAL_Driver/Src/stm32f1xx_hal.o
                0x000000000800208c                HAL_Delay
 .text.__NVIC_SetPriorityGrouping
                0x00000000080020d4       0x48 ./Drivers/STM32F1xx_HAL_Driver/Src/stm32f1xx_hal_cortex.o
 .text.__NVIC_GetPriorityGrouping
                0x000000000800211c       0x1c ./Drivers/STM32F1xx_HAL_Driver/Src/stm32f1xx_hal_cortex.o
 .text.__NVIC_EnableIRQ
                0x0000000008002138       0x38 ./Drivers/STM32F1xx_HAL_Driver/Src/stm32f1xx_hal_cortex.o
 .text.__NVIC_SetPriority
                0x0000000008002170       0x54 ./Drivers/STM32F1xx_HAL_Driver/Src/stm32f1xx_hal_cortex.o
 .text.NVIC_EncodePriority
                0x00000000080021c4       0x64 ./Drivers/STM32F1xx_HAL_Driver/Src/stm32f1xx_hal_cortex.o
 .text.SysTick_Config
                0x0000000008002228       0x44 ./Drivers/STM32F1xx_HAL_Driver/Src/stm32f1xx_hal_cortex.o
 .text.HAL_NVIC_SetPriorityGrouping
                0x000000000800226c       0x16 ./Drivers/STM32F1xx_HAL_Driver/Src/stm32f1xx_hal_cortex.o
                0x000000000800226c                HAL_NVIC_SetPriorityGrouping
 .text.HAL_NVIC_SetPriority
                0x0000000008002282       0x38 ./Drivers/STM32F1xx_HAL_Driver/Src/stm32f1xx_hal_cortex.o
                0x0000000008002282                HAL_NVIC_SetPriority
 .text.HAL_NVIC_EnableIRQ
                0x00000000080022ba       0x1c ./Drivers/STM32F1xx_HAL_Driver/Src/stm32f1xx_hal_cortex.o
                0x00000000080022ba                HAL_NVIC_EnableIRQ
 .text.HAL_SYSTICK_Config
                0x00000000080022d6       0x18 ./Drivers/STM32F1xx_HAL_Driver/Src/stm32f1xx_hal_cortex.o
                0x00000000080022d6                HAL_SYSTICK_Config
 .text.HAL_DAC_Init
                0x00000000080022ee       0x44 ./Drivers/STM32F1xx_HAL_Driver/Src/stm32f1xx_hal_dac.o
                0x00000000080022ee                HAL_DAC_Init
 *fill*         0x0000000008002332        0x2 
 .text.HAL_DAC_Start_DMA
                0x0000000008002334      0x178 ./Drivers/STM32F1xx_HAL_Driver/Src/stm32f1xx_hal_dac.o
                0x0000000008002334                HAL_DAC_Start_DMA
 .text.HAL_DAC_Stop_DMA
                0x00000000080024ac       0x70 ./Drivers/STM32F1xx_HAL_Driver/Src/stm32f1xx_hal_dac.o
                0x00000000080024ac                HAL_DAC_Stop_DMA
 .text.HAL_DAC_SetValue
                0x000000000800251c       0x48 ./Drivers/STM32F1xx_HAL_Driver/Src/stm32f1xx_hal_dac.o
                0x000000000800251c                HAL_DAC_SetValue
 .text.HAL_DAC_ErrorCallbackCh1
                0x0000000008002564       0x12 ./Drivers/STM32F1xx_HAL_Driver/Src/stm32f1xx_hal_dac.o
                0x0000000008002564                HAL_DAC_ErrorCallbackCh1
 .text.HAL_DAC_ConfigChannel
                0x0000000008002576       0x9c ./Drivers/STM32F1xx_HAL_Driver/Src/stm32f1xx_hal_dac.o
                0x0000000008002576                HAL_DAC_ConfigChannel
 .text.HAL_DAC_GetState
                0x0000000008002612       0x18 ./Drivers/STM32F1xx_HAL_Driver/Src/stm32f1xx_hal_dac.o
                0x0000000008002612                HAL_DAC_GetState
 .text.DAC_DMAConvCpltCh1
                0x000000000800262a       0x22 ./Drivers/STM32F1xx_HAL_Driver/Src/stm32f1xx_hal_dac.o
                0x000000000800262a                DAC_DMAConvCpltCh1
 .text.DAC_DMAHalfConvCpltCh1
                0x000000000800264c       0x1c ./Drivers/STM32F1xx_HAL_Driver/Src/stm32f1xx_hal_dac.o
                0x000000000800264c                DAC_DMAHalfConvCpltCh1
 .text.DAC_DMAErrorCh1
                0x0000000008002668       0x2e ./Drivers/STM32F1xx_HAL_Driver/Src/stm32f1xx_hal_dac.o
                0x0000000008002668                DAC_DMAErrorCh1
 .text.HAL_DACEx_ConvCpltCallbackCh2
                0x0000000008002696       0x12 ./Drivers/STM32F1xx_HAL_Driver/Src/stm32f1xx_hal_dac_ex.o
                0x0000000008002696                HAL_DACEx_ConvCpltCallbackCh2
 .text.HAL_DACEx_ConvHalfCpltCallbackCh2
                0x00000000080026a8       0x12 ./Drivers/STM32F1xx_HAL_Driver/Src/stm32f1xx_hal_dac_ex.o
                0x00000000080026a8                HAL_DACEx_ConvHalfCpltCallbackCh2
 .text.HAL_DACEx_ErrorCallbackCh2
                0x00000000080026ba       0x12 ./Drivers/STM32F1xx_HAL_Driver/Src/stm32f1xx_hal_dac_ex.o
                0x00000000080026ba                HAL_DACEx_ErrorCallbackCh2
 .text.DAC_DMAConvCpltCh2
                0x00000000080026cc       0x22 ./Drivers/STM32F1xx_HAL_Driver/Src/stm32f1xx_hal_dac_ex.o
                0x00000000080026cc                DAC_DMAConvCpltCh2
 .text.DAC_DMAHalfConvCpltCh2
                0x00000000080026ee       0x1c ./Drivers/STM32F1xx_HAL_Driver/Src/stm32f1xx_hal_dac_ex.o
                0x00000000080026ee                DAC_DMAHalfConvCpltCh2
 .text.DAC_DMAErrorCh2
                0x000000000800270a       0x2e ./Drivers/STM32F1xx_HAL_Driver/Src/stm32f1xx_hal_dac_ex.o
                0x000000000800270a                DAC_DMAErrorCh2
 .text.HAL_DMA_Init
                0x0000000008002738       0xec ./Drivers/STM32F1xx_HAL_Driver/Src/stm32f1xx_hal_dma.o
                0x0000000008002738                HAL_DMA_Init
 .text.HAL_DMA_Start_IT
                0x0000000008002824       0xbe ./Drivers/STM32F1xx_HAL_Driver/Src/stm32f1xx_hal_dma.o
                0x0000000008002824                HAL_DMA_Start_IT
 .text.HAL_DMA_Abort
                0x00000000080028e2       0x74 ./Drivers/STM32F1xx_HAL_Driver/Src/stm32f1xx_hal_dma.o
                0x00000000080028e2                HAL_DMA_Abort
 *fill*         0x0000000008002956        0x2 
 .text.HAL_DMA_Abort_IT
                0x0000000008002958      0x210 ./Drivers/STM32F1xx_HAL_Driver/Src/stm32f1xx_hal_dma.o
                0x0000000008002958                HAL_DMA_Abort_IT
 .text.HAL_DMA_IRQHandler
                0x0000000008002b68      0x478 ./Drivers/STM32F1xx_HAL_Driver/Src/stm32f1xx_hal_dma.o
                0x0000000008002b68                HAL_DMA_IRQHandler
 .text.DMA_SetConfig
                0x0000000008002fe0       0x5a ./Drivers/STM32F1xx_HAL_Driver/Src/stm32f1xx_hal_dma.o
 *fill*         0x000000000800303a        0x2 
 .text.HAL_GPIO_Init
                0x000000000800303c      0x328 ./Drivers/STM32F1xx_HAL_Driver/Src/stm32f1xx_hal_gpio.o
                0x000000000800303c                HAL_GPIO_Init
 .text.HAL_GPIO_ReadPin
                0x0000000008003364       0x2e ./Drivers/STM32F1xx_HAL_Driver/Src/stm32f1xx_hal_gpio.o
                0x0000000008003364                HAL_GPIO_ReadPin
 .text.HAL_GPIO_WritePin
                0x0000000008003392       0x30 ./Drivers/STM32F1xx_HAL_Driver/Src/stm32f1xx_hal_gpio.o
                0x0000000008003392                HAL_GPIO_WritePin
 *fill*         0x00000000080033c2        0x2 
 .text.HAL_I2C_Init
                0x00000000080033c4      0x288 ./Drivers/STM32F1xx_HAL_Driver/Src/stm32f1xx_hal_i2c.o
                0x00000000080033c4                HAL_I2C_Init
 .text.HAL_I2C_Mem_Write
                0x000000000800364c      0x1f4 ./Drivers/STM32F1xx_HAL_Driver/Src/stm32f1xx_hal_i2c.o
                0x000000000800364c                HAL_I2C_Mem_Write
 .text.HAL_I2C_Mem_Read
                0x0000000008003840      0x4d0 ./Drivers/STM32F1xx_HAL_Driver/Src/stm32f1xx_hal_i2c.o
                0x0000000008003840                HAL_I2C_Mem_Read
 .text.I2C_RequestMemoryWrite
                0x0000000008003d10      0x12c ./Drivers/STM32F1xx_HAL_Driver/Src/stm32f1xx_hal_i2c.o
 .text.I2C_RequestMemoryRead
                0x0000000008003e3c      0x1d0 ./Drivers/STM32F1xx_HAL_Driver/Src/stm32f1xx_hal_i2c.o
 .text.I2C_WaitOnFlagUntilTimeout
                0x000000000800400c       0xae ./Drivers/STM32F1xx_HAL_Driver/Src/stm32f1xx_hal_i2c.o
 .text.I2C_WaitOnMasterAddressFlagUntilTimeout
                0x00000000080040ba       0xfe ./Drivers/STM32F1xx_HAL_Driver/Src/stm32f1xx_hal_i2c.o
 .text.I2C_WaitOnTXEFlagUntilTimeout
                0x00000000080041b8       0x82 ./Drivers/STM32F1xx_HAL_Driver/Src/stm32f1xx_hal_i2c.o
 .text.I2C_WaitOnBTFFlagUntilTimeout
                0x000000000800423a       0x82 ./Drivers/STM32F1xx_HAL_Driver/Src/stm32f1xx_hal_i2c.o
 .text.I2C_WaitOnRXNEFlagUntilTimeout
                0x00000000080042bc       0xac ./Drivers/STM32F1xx_HAL_Driver/Src/stm32f1xx_hal_i2c.o
 .text.I2C_IsAcknowledgeFailed
                0x0000000008004368       0x5c ./Drivers/STM32F1xx_HAL_Driver/Src/stm32f1xx_hal_i2c.o
 .text.HAL_RCC_OscConfig
                0x00000000080043c4      0x504 ./Drivers/STM32F1xx_HAL_Driver/Src/stm32f1xx_hal_rcc.o
                0x00000000080043c4                HAL_RCC_OscConfig
 .text.HAL_RCC_ClockConfig
                0x00000000080048c8      0x1d4 ./Drivers/STM32F1xx_HAL_Driver/Src/stm32f1xx_hal_rcc.o
                0x00000000080048c8                HAL_RCC_ClockConfig
 .text.HAL_RCC_GetSysClockFreq
                0x0000000008004a9c       0xbc ./Drivers/STM32F1xx_HAL_Driver/Src/stm32f1xx_hal_rcc.o
                0x0000000008004a9c                HAL_RCC_GetSysClockFreq
 .text.HAL_RCC_GetHCLKFreq
                0x0000000008004b58       0x14 ./Drivers/STM32F1xx_HAL_Driver/Src/stm32f1xx_hal_rcc.o
                0x0000000008004b58                HAL_RCC_GetHCLKFreq
 .text.HAL_RCC_GetPCLK1Freq
                0x0000000008004b6c       0x28 ./Drivers/STM32F1xx_HAL_Driver/Src/stm32f1xx_hal_rcc.o
                0x0000000008004b6c                HAL_RCC_GetPCLK1Freq
 .text.RCC_Delay
                0x0000000008004b94       0x3c ./Drivers/STM32F1xx_HAL_Driver/Src/stm32f1xx_hal_rcc.o
 .text.HAL_SD_Init
                0x0000000008004bd0       0x60 ./Drivers/STM32F1xx_HAL_Driver/Src/stm32f1xx_hal_sd.o
                0x0000000008004bd0                HAL_SD_Init
 .text.HAL_SD_InitCard
                0x0000000008004c30       0xfc ./Drivers/STM32F1xx_HAL_Driver/Src/stm32f1xx_hal_sd.o
                0x0000000008004c30                HAL_SD_InitCard
 .text.HAL_SD_ReadBlocks
                0x0000000008004d2c      0x3bc ./Drivers/STM32F1xx_HAL_Driver/Src/stm32f1xx_hal_sd.o
                0x0000000008004d2c                HAL_SD_ReadBlocks
 .text.HAL_SD_WriteBlocks
                0x00000000080050e8      0x30c ./Drivers/STM32F1xx_HAL_Driver/Src/stm32f1xx_hal_sd.o
                0x00000000080050e8                HAL_SD_WriteBlocks
 .text.HAL_SD_IRQHandler
                0x00000000080053f4      0x2f0 ./Drivers/STM32F1xx_HAL_Driver/Src/stm32f1xx_hal_sd.o
                0x00000000080053f4                HAL_SD_IRQHandler
 .text.HAL_SD_ErrorCallback
                0x00000000080056e4       0x12 ./Drivers/STM32F1xx_HAL_Driver/Src/stm32f1xx_hal_sd.o
                0x00000000080056e4                HAL_SD_ErrorCallback
 *fill*         0x00000000080056f6        0x2 
 .text.HAL_SD_GetCardCSD
                0x00000000080056f8      0x348 ./Drivers/STM32F1xx_HAL_Driver/Src/stm32f1xx_hal_sd.o
                0x00000000080056f8                HAL_SD_GetCardCSD
 .text.HAL_SD_GetCardInfo
                0x0000000008005a40       0x56 ./Drivers/STM32F1xx_HAL_Driver/Src/stm32f1xx_hal_sd.o
                0x0000000008005a40                HAL_SD_GetCardInfo
 *fill*         0x0000000008005a96        0x2 
 .text.HAL_SD_ConfigWideBusOperation
                0x0000000008005a98      0x134 ./Drivers/STM32F1xx_HAL_Driver/Src/stm32f1xx_hal_sd.o
                0x0000000008005a98                HAL_SD_ConfigWideBusOperation
 .text.HAL_SD_GetCardState
                0x0000000008005bcc       0x40 ./Drivers/STM32F1xx_HAL_Driver/Src/stm32f1xx_hal_sd.o
                0x0000000008005bcc                HAL_SD_GetCardState
 .text.SD_DMATxAbort
                0x0000000008005c0c       0x6e ./Drivers/STM32F1xx_HAL_Driver/Src/stm32f1xx_hal_sd.o
 .text.SD_DMARxAbort
                0x0000000008005c7a       0x6e ./Drivers/STM32F1xx_HAL_Driver/Src/stm32f1xx_hal_sd.o
 .text.SD_InitCard
                0x0000000008005ce8      0x19c ./Drivers/STM32F1xx_HAL_Driver/Src/stm32f1xx_hal_sd.o
 .text.SD_PowerON
                0x0000000008005e84      0x11c ./Drivers/STM32F1xx_HAL_Driver/Src/stm32f1xx_hal_sd.o
 .text.SD_SendStatus
                0x0000000008005fa0       0x50 ./Drivers/STM32F1xx_HAL_Driver/Src/stm32f1xx_hal_sd.o
 .text.SD_WideBus_Enable
                0x0000000008005ff0       0x96 ./Drivers/STM32F1xx_HAL_Driver/Src/stm32f1xx_hal_sd.o
 .text.SD_WideBus_Disable
                0x0000000008006086       0x96 ./Drivers/STM32F1xx_HAL_Driver/Src/stm32f1xx_hal_sd.o
 .text.SD_FindSCR
                0x000000000800611c      0x1a6 ./Drivers/STM32F1xx_HAL_Driver/Src/stm32f1xx_hal_sd.o
 .text.SD_Read_IT
                0x00000000080062c2       0xa2 ./Drivers/STM32F1xx_HAL_Driver/Src/stm32f1xx_hal_sd.o
 .text.SD_Write_IT
                0x0000000008006364       0xaa ./Drivers/STM32F1xx_HAL_Driver/Src/stm32f1xx_hal_sd.o
 .text.HAL_SRAM_Init
                0x000000000800640e       0x9a ./Drivers/STM32F1xx_HAL_Driver/Src/stm32f1xx_hal_sram.o
                0x000000000800640e                HAL_SRAM_Init
 .text.HAL_TIM_Base_Init
                0x00000000080064a8       0x9e ./Drivers/STM32F1xx_HAL_Driver/Src/stm32f1xx_hal_tim.o
                0x00000000080064a8                HAL_TIM_Base_Init
 *fill*         0x0000000008006546        0x2 
 .text.HAL_TIM_Base_Start
                0x0000000008006548       0xb0 ./Drivers/STM32F1xx_HAL_Driver/Src/stm32f1xx_hal_tim.o
                0x0000000008006548                HAL_TIM_Base_Start
 .text.HAL_TIM_Base_Stop
                0x00000000080065f8       0x4c ./Drivers/STM32F1xx_HAL_Driver/Src/stm32f1xx_hal_tim.o
                0x00000000080065f8                HAL_TIM_Base_Stop
 .text.TIM_Base_SetConfig
                0x0000000008006644       0xf4 ./Drivers/STM32F1xx_HAL_Driver/Src/stm32f1xx_hal_tim.o
                0x0000000008006644                TIM_Base_SetConfig
 .text.HAL_TIMEx_MasterConfigSynchronization
                0x0000000008006738       0xd8 ./Drivers/STM32F1xx_HAL_Driver/Src/stm32f1xx_hal_tim_ex.o
                0x0000000008006738                HAL_TIMEx_MasterConfigSynchronization
 .text.FSMC_NORSRAM_Init
                0x0000000008006810       0xd4 ./Drivers/STM32F1xx_HAL_Driver/Src/stm32f1xx_ll_fsmc.o
                0x0000000008006810                FSMC_NORSRAM_Init
 .text.FSMC_NORSRAM_Timing_Init
                0x00000000080068e4       0x68 ./Drivers/STM32F1xx_HAL_Driver/Src/stm32f1xx_ll_fsmc.o
                0x00000000080068e4                FSMC_NORSRAM_Timing_Init
 .text.FSMC_NORSRAM_Extended_Timing_Init
                0x000000000800694c       0x70 ./Drivers/STM32F1xx_HAL_Driver/Src/stm32f1xx_ll_fsmc.o
                0x000000000800694c                FSMC_NORSRAM_Extended_Timing_Init
 .text.SDIO_Init
                0x00000000080069bc       0x54 ./Drivers/STM32F1xx_HAL_Driver/Src/stm32f1xx_ll_sdmmc.o
                0x00000000080069bc                SDIO_Init
 .text.SDIO_ReadFIFO
                0x0000000008006a10       0x18 ./Drivers/STM32F1xx_HAL_Driver/Src/stm32f1xx_ll_sdmmc.o
                0x0000000008006a10                SDIO_ReadFIFO
 .text.SDIO_WriteFIFO
                0x0000000008006a28       0x20 ./Drivers/STM32F1xx_HAL_Driver/Src/stm32f1xx_ll_sdmmc.o
                0x0000000008006a28                SDIO_WriteFIFO
 .text.SDIO_PowerState_ON
                0x0000000008006a48       0x1e ./Drivers/STM32F1xx_HAL_Driver/Src/stm32f1xx_ll_sdmmc.o
                0x0000000008006a48                SDIO_PowerState_ON
 .text.SDIO_GetPowerState
                0x0000000008006a66       0x1a ./Drivers/STM32F1xx_HAL_Driver/Src/stm32f1xx_ll_sdmmc.o
                0x0000000008006a66                SDIO_GetPowerState
 .text.SDIO_SendCommand
                0x0000000008006a80       0x52 ./Drivers/STM32F1xx_HAL_Driver/Src/stm32f1xx_ll_sdmmc.o
                0x0000000008006a80                SDIO_SendCommand
 .text.SDIO_GetCommandResponse
                0x0000000008006ad2       0x18 ./Drivers/STM32F1xx_HAL_Driver/Src/stm32f1xx_ll_sdmmc.o
                0x0000000008006ad2                SDIO_GetCommandResponse
 .text.SDIO_GetResponse
                0x0000000008006aea       0x24 ./Drivers/STM32F1xx_HAL_Driver/Src/stm32f1xx_ll_sdmmc.o
                0x0000000008006aea                SDIO_GetResponse
 .text.SDIO_ConfigData
                0x0000000008006b0e       0x56 ./Drivers/STM32F1xx_HAL_Driver/Src/stm32f1xx_ll_sdmmc.o
                0x0000000008006b0e                SDIO_ConfigData
 .text.SDMMC_CmdBlockLength
                0x0000000008006b64       0x44 ./Drivers/STM32F1xx_HAL_Driver/Src/stm32f1xx_ll_sdmmc.o
                0x0000000008006b64                SDMMC_CmdBlockLength
 .text.SDMMC_CmdReadSingleBlock
                0x0000000008006ba8       0x44 ./Drivers/STM32F1xx_HAL_Driver/Src/stm32f1xx_ll_sdmmc.o
                0x0000000008006ba8                SDMMC_CmdReadSingleBlock
 .text.SDMMC_CmdReadMultiBlock
                0x0000000008006bec       0x44 ./Drivers/STM32F1xx_HAL_Driver/Src/stm32f1xx_ll_sdmmc.o
                0x0000000008006bec                SDMMC_CmdReadMultiBlock
 .text.SDMMC_CmdWriteSingleBlock
                0x0000000008006c30       0x44 ./Drivers/STM32F1xx_HAL_Driver/Src/stm32f1xx_ll_sdmmc.o
                0x0000000008006c30                SDMMC_CmdWriteSingleBlock
 .text.SDMMC_CmdWriteMultiBlock
                0x0000000008006c74       0x44 ./Drivers/STM32F1xx_HAL_Driver/Src/stm32f1xx_ll_sdmmc.o
                0x0000000008006c74                SDMMC_CmdWriteMultiBlock
 .text.SDMMC_CmdStopTransfer
                0x0000000008006cb8       0x44 ./Drivers/STM32F1xx_HAL_Driver/Src/stm32f1xx_ll_sdmmc.o
                0x0000000008006cb8                SDMMC_CmdStopTransfer
 .text.SDMMC_CmdSelDesel
                0x0000000008006cfc       0x46 ./Drivers/STM32F1xx_HAL_Driver/Src/stm32f1xx_ll_sdmmc.o
                0x0000000008006cfc                SDMMC_CmdSelDesel
 .text.SDMMC_CmdGoIdleState
                0x0000000008006d42       0x3c ./Drivers/STM32F1xx_HAL_Driver/Src/stm32f1xx_ll_sdmmc.o
                0x0000000008006d42                SDMMC_CmdGoIdleState
 .text.SDMMC_CmdOperCond
                0x0000000008006d7e       0x3e ./Drivers/STM32F1xx_HAL_Driver/Src/stm32f1xx_ll_sdmmc.o
                0x0000000008006d7e                SDMMC_CmdOperCond
 .text.SDMMC_CmdAppCommand
                0x0000000008006dbc       0x44 ./Drivers/STM32F1xx_HAL_Driver/Src/stm32f1xx_ll_sdmmc.o
                0x0000000008006dbc                SDMMC_CmdAppCommand
 .text.SDMMC_CmdAppOperCommand
                0x0000000008006e00       0x46 ./Drivers/STM32F1xx_HAL_Driver/Src/stm32f1xx_ll_sdmmc.o
                0x0000000008006e00                SDMMC_CmdAppOperCommand
 .text.SDMMC_CmdBusWidth
                0x0000000008006e46       0x44 ./Drivers/STM32F1xx_HAL_Driver/Src/stm32f1xx_ll_sdmmc.o
                0x0000000008006e46                SDMMC_CmdBusWidth
 .text.SDMMC_CmdSendSCR
                0x0000000008006e8a       0x42 ./Drivers/STM32F1xx_HAL_Driver/Src/stm32f1xx_ll_sdmmc.o
                0x0000000008006e8a                SDMMC_CmdSendSCR
 .text.SDMMC_CmdSendCID
                0x0000000008006ecc       0x3c ./Drivers/STM32F1xx_HAL_Driver/Src/stm32f1xx_ll_sdmmc.o
                0x0000000008006ecc                SDMMC_CmdSendCID
 .text.SDMMC_CmdSendCSD
                0x0000000008006f08       0x3e ./Drivers/STM32F1xx_HAL_Driver/Src/stm32f1xx_ll_sdmmc.o
                0x0000000008006f08                SDMMC_CmdSendCSD
 .text.SDMMC_CmdSetRelAdd
                0x0000000008006f46       0x42 ./Drivers/STM32F1xx_HAL_Driver/Src/stm32f1xx_ll_sdmmc.o
                0x0000000008006f46                SDMMC_CmdSetRelAdd
 .text.SDMMC_CmdSendStatus
                0x0000000008006f88       0x44 ./Drivers/STM32F1xx_HAL_Driver/Src/stm32f1xx_ll_sdmmc.o
                0x0000000008006f88                SDMMC_CmdSendStatus
 .text.SDMMC_GetCmdError
                0x0000000008006fcc       0x54 ./Drivers/STM32F1xx_HAL_Driver/Src/stm32f1xx_ll_sdmmc.o
 .text.SDMMC_GetCmdResp1
                0x0000000008007020      0x1dc ./Drivers/STM32F1xx_HAL_Driver/Src/stm32f1xx_ll_sdmmc.o
 .text.SDMMC_GetCmdResp2
                0x00000000080071fc       0x90 ./Drivers/STM32F1xx_HAL_Driver/Src/stm32f1xx_ll_sdmmc.o
 .text.SDMMC_GetCmdResp3
                0x000000000800728c       0x78 ./Drivers/STM32F1xx_HAL_Driver/Src/stm32f1xx_ll_sdmmc.o
 .text.SDMMC_GetCmdResp6
                0x0000000008007304       0xec ./Drivers/STM32F1xx_HAL_Driver/Src/stm32f1xx_ll_sdmmc.o
 .text.SDMMC_GetCmdResp7
                0x00000000080073f0       0x9c ./Drivers/STM32F1xx_HAL_Driver/Src/stm32f1xx_ll_sdmmc.o
 .text.MX_FATFS_Init
                0x000000000800748c       0x24 ./FATFS/App/fatfs.o
                0x000000000800748c                MX_FATFS_Init
 .text.get_fattime
                0x00000000080074b0        0xe ./FATFS/App/fatfs.o
                0x00000000080074b0                get_fattime
 *fill*         0x00000000080074be        0x2 
 .text.BSP_SD_Init
                0x00000000080074c0       0x4c ./FATFS/Target/bsp_driver_sd.o
                0x00000000080074c0                BSP_SD_Init
 .text.BSP_SD_ReadBlocks
                0x000000000800750c       0x3c ./FATFS/Target/bsp_driver_sd.o
                0x000000000800750c                BSP_SD_ReadBlocks
 .text.BSP_SD_WriteBlocks
                0x0000000008007548       0x3c ./FATFS/Target/bsp_driver_sd.o
                0x0000000008007548                BSP_SD_WriteBlocks
 .text.BSP_SD_GetCardState
                0x0000000008007584       0x20 ./FATFS/Target/bsp_driver_sd.o
                0x0000000008007584                BSP_SD_GetCardState
 .text.BSP_SD_GetCardInfo
                0x00000000080075a4       0x1c ./FATFS/Target/bsp_driver_sd.o
                0x00000000080075a4                BSP_SD_GetCardInfo
 .text.HAL_SD_AbortCallback
                0x00000000080075c0       0x14 ./FATFS/Target/bsp_driver_sd.o
                0x00000000080075c0                HAL_SD_AbortCallback
 .text.HAL_SD_TxCpltCallback
                0x00000000080075d4       0x14 ./FATFS/Target/bsp_driver_sd.o
                0x00000000080075d4                HAL_SD_TxCpltCallback
 .text.HAL_SD_RxCpltCallback
                0x00000000080075e8       0x14 ./FATFS/Target/bsp_driver_sd.o
                0x00000000080075e8                HAL_SD_RxCpltCallback
 .text.BSP_SD_AbortCallback
                0x00000000080075fc        0xc ./FATFS/Target/bsp_driver_sd.o
                0x00000000080075fc                BSP_SD_AbortCallback
 .text.BSP_SD_WriteCpltCallback
                0x0000000008007608        0xc ./FATFS/Target/bsp_driver_sd.o
                0x0000000008007608                BSP_SD_WriteCpltCallback
 .text.BSP_SD_ReadCpltCallback
                0x0000000008007614        0xc ./FATFS/Target/bsp_driver_sd.o
                0x0000000008007614                BSP_SD_ReadCpltCallback
 .text.BSP_SD_IsDetected
                0x0000000008007620       0x18 ./FATFS/Target/bsp_driver_sd.o
                0x0000000008007620                BSP_SD_IsDetected
 .text.disk_status
                0x0000000008007638       0x34 ./Middlewares/Third_Party/FatFs/src/diskio.o
                0x0000000008007638                disk_status
 .text.disk_initialize
                0x000000000800766c       0x4c ./Middlewares/Third_Party/FatFs/src/diskio.o
                0x000000000800766c                disk_initialize
 .text.disk_read
                0x00000000080076b8       0x40 ./Middlewares/Third_Party/FatFs/src/diskio.o
                0x00000000080076b8                disk_read
 .text.disk_write
                0x00000000080076f8       0x40 ./Middlewares/Third_Party/FatFs/src/diskio.o
                0x00000000080076f8                disk_write
 .text.disk_ioctl
                0x0000000008007738       0x3c ./Middlewares/Third_Party/FatFs/src/diskio.o
                0x0000000008007738                disk_ioctl
 .text.mem_cpy  0x0000000008007774       0x3c ./Middlewares/Third_Party/FatFs/src/ff.o
 .text.mem_set  0x00000000080077b0       0x34 ./Middlewares/Third_Party/FatFs/src/ff.o
 .text.mem_cmp  0x00000000080077e4       0x4c ./Middlewares/Third_Party/FatFs/src/ff.o
 .text.chk_chr  0x0000000008007830       0x34 ./Middlewares/Third_Party/FatFs/src/ff.o
 .text.chk_lock
                0x0000000008007864       0xd8 ./Middlewares/Third_Party/FatFs/src/ff.o
 .text.enq_lock
                0x000000000800793c       0x48 ./Middlewares/Third_Party/FatFs/src/ff.o
 .text.inc_lock
                0x0000000008007984      0x16c ./Middlewares/Third_Party/FatFs/src/ff.o
 .text.dec_lock
                0x0000000008007af0       0x88 ./Middlewares/Third_Party/FatFs/src/ff.o
 .text.clear_lock
                0x0000000008007b78       0x54 ./Middlewares/Third_Party/FatFs/src/ff.o
 .text.sync_window
                0x0000000008007bcc       0x92 ./Middlewares/Third_Party/FatFs/src/ff.o
 .text.move_window
                0x0000000008007c5e       0x5c ./Middlewares/Third_Party/FatFs/src/ff.o
 .text.sync_fs  0x0000000008007cba      0x15a ./Middlewares/Third_Party/FatFs/src/ff.o
 .text.clust2sect
                0x0000000008007e14       0x42 ./Middlewares/Third_Party/FatFs/src/ff.o
                0x0000000008007e14                clust2sect
 .text.get_fat  0x0000000008007e56      0x174 ./Middlewares/Third_Party/FatFs/src/ff.o
                0x0000000008007e56                get_fat
 .text.put_fat  0x0000000008007fca      0x21c ./Middlewares/Third_Party/FatFs/src/ff.o
                0x0000000008007fca                put_fat
 .text.remove_chain
                0x00000000080081e6       0xb4 ./Middlewares/Third_Party/FatFs/src/ff.o
 .text.create_chain
                0x000000000800829a      0x13a ./Middlewares/Third_Party/FatFs/src/ff.o
 .text.clmt_clust
                0x00000000080083d4       0x68 ./Middlewares/Third_Party/FatFs/src/ff.o
 .text.dir_sdi  0x000000000800843c      0x128 ./Middlewares/Third_Party/FatFs/src/ff.o
 .text.dir_next
                0x0000000008008564      0x1ee ./Middlewares/Third_Party/FatFs/src/ff.o
 .text.dir_alloc
                0x0000000008008752       0x94 ./Middlewares/Third_Party/FatFs/src/ff.o
 .text.ld_clust
                0x00000000080087e6       0x5a ./Middlewares/Third_Party/FatFs/src/ff.o
 .text.st_clust
                0x0000000008008840       0x4c ./Middlewares/Third_Party/FatFs/src/ff.o
 .text.dir_find
                0x000000000800888c       0x9e ./Middlewares/Third_Party/FatFs/src/ff.o
 .text.dir_register
                0x000000000800892a       0x72 ./Middlewares/Third_Party/FatFs/src/ff.o
 .text.create_name
                0x000000000800899c      0x180 ./Middlewares/Third_Party/FatFs/src/ff.o
 .text.follow_path
                0x0000000008008b1c       0xdc ./Middlewares/Third_Party/FatFs/src/ff.o
 .text.get_ldnumber
                0x0000000008008bf8       0x86 ./Middlewares/Third_Party/FatFs/src/ff.o
 *fill*         0x0000000008008c7e        0x2 
 .text.check_fs
                0x0000000008008c80       0xd4 ./Middlewares/Third_Party/FatFs/src/ff.o
 .text.find_volume
                0x0000000008008d54      0x590 ./Middlewares/Third_Party/FatFs/src/ff.o
 .text.validate
                0x00000000080092e4       0x66 ./Middlewares/Third_Party/FatFs/src/ff.o
 *fill*         0x000000000800934a        0x2 
 .text.f_mount  0x000000000800934c       0x90 ./Middlewares/Third_Party/FatFs/src/ff.o
                0x000000000800934c                f_mount
 .text.f_open   0x00000000080093dc      0x4f2 ./Middlewares/Third_Party/FatFs/src/ff.o
                0x00000000080093dc                f_open
 .text.f_read   0x00000000080098ce      0x2d6 ./Middlewares/Third_Party/FatFs/src/ff.o
                0x00000000080098ce                f_read
 .text.f_sync   0x0000000008009ba4      0x174 ./Middlewares/Third_Party/FatFs/src/ff.o
                0x0000000008009ba4                f_sync
 .text.f_close  0x0000000008009d18       0x50 ./Middlewares/Third_Party/FatFs/src/ff.o
                0x0000000008009d18                f_close
 .text.f_lseek  0x0000000008009d68      0x4bc ./Middlewares/Third_Party/FatFs/src/ff.o
                0x0000000008009d68                f_lseek
 .text.FATFS_LinkDriverEx
                0x000000000800a224       0x94 ./Middlewares/Third_Party/FatFs/src/ff_gen_drv.o
                0x000000000800a224                FATFS_LinkDriverEx
 .text.FATFS_LinkDriver
                0x000000000800a2b8       0x1e ./Middlewares/Third_Party/FatFs/src/ff_gen_drv.o
                0x000000000800a2b8                FATFS_LinkDriver
 *fill*         0x000000000800a2d6        0x2 
 .text.SD_initialize
                0x000000000800a2d8       0x3c ./Middlewares/Third_Party/FatFs/src/drivers/sd_diskio.o
                0x000000000800a2d8                SD_initialize
 .text.SD_status
                0x000000000800a314       0x3c ./Middlewares/Third_Party/FatFs/src/drivers/sd_diskio.o
                0x000000000800a314                SD_status
 .text.SD_read  0x000000000800a350       0x5c ./Middlewares/Third_Party/FatFs/src/drivers/sd_diskio.o
                0x000000000800a350                SD_read
 .text.SD_write
                0x000000000800a3ac       0x5c ./Middlewares/Third_Party/FatFs/src/drivers/sd_diskio.o
                0x000000000800a3ac                SD_write
 .text.SD_ioctl
                0x000000000800a408       0xac ./Middlewares/Third_Party/FatFs/src/drivers/sd_diskio.o
                0x000000000800a408                SD_ioctl
 .text.__libc_init_array
                0x000000000800a4b4       0x48 /Applications/STM32CubeIDE.app/Contents/Eclipse/plugins/com.st.stm32cube.ide.mcu.externaltools.gnu-tools-for-stm32.10.3-2021.10.macos64_1.0.0.202111181127/tools/bin/../lib/gcc/arm-none-eabi/10.3.1/../../../../arm-none-eabi/lib/thumb/v7-m/nofp/libc_nano.a(lib_a-init.o)
                0x000000000800a4b4                __libc_init_array
 .text.memset   0x000000000800a4fc       0x10 /Applications/STM32CubeIDE.app/Contents/Eclipse/plugins/com.st.stm32cube.ide.mcu.externaltools.gnu-tools-for-stm32.10.3-2021.10.macos64_1.0.0.202111181127/tools/bin/../lib/gcc/arm-none-eabi/10.3.1/../../../../arm-none-eabi/lib/thumb/v7-m/nofp/libc_nano.a(lib_a-memset.o)
                0x000000000800a4fc                memset
 .text.atan2f   0x000000000800a50c        0x4 /Applications/STM32CubeIDE.app/Contents/Eclipse/plugins/com.st.stm32cube.ide.mcu.externaltools.gnu-tools-for-stm32.10.3-2021.10.macos64_1.0.0.202111181127/tools/bin/../lib/gcc/arm-none-eabi/10.3.1/../../../../arm-none-eabi/lib/thumb/v7-m/nofp/libm.a(lib_a-wf_atan2.o)
                0x000000000800a50c                atan2f
 .text.__ieee754_atan2f
                0x000000000800a510      0x10c /Applications/STM32CubeIDE.app/Contents/Eclipse/plugins/com.st.stm32cube.ide.mcu.externaltools.gnu-tools-for-stm32.10.3-2021.10.macos64_1.0.0.202111181127/tools/bin/../lib/gcc/arm-none-eabi/10.3.1/../../../../arm-none-eabi/lib/thumb/v7-m/nofp/libm.a(lib_a-ef_atan2.o)
                0x000000000800a510                __ieee754_atan2f
 .text.atanf    0x000000000800a61c      0x218 /Applications/STM32CubeIDE.app/Contents/Eclipse/plugins/com.st.stm32cube.ide.mcu.externaltools.gnu-tools-for-stm32.10.3-2021.10.macos64_1.0.0.202111181127/tools/bin/../lib/gcc/arm-none-eabi/10.3.1/../../../../arm-none-eabi/lib/thumb/v7-m/nofp/libm.a(lib_a-sf_atan.o)
                0x000000000800a61c                atanf
 .text.fabsf    0x000000000800a834        0x6 /Applications/STM32CubeIDE.app/Contents/Eclipse/plugins/com.st.stm32cube.ide.mcu.externaltools.gnu-tools-for-stm32.10.3-2021.10.macos64_1.0.0.202111181127/tools/bin/../lib/gcc/arm-none-eabi/10.3.1/../../../../arm-none-eabi/lib/thumb/v7-m/nofp/libm.a(lib_a-sf_fabs.o)
                0x000000000800a834                fabsf
 *(.glue_7)
 .glue_7        0x000000000800a83a        0x0 linker stubs
 *(.glue_7t)
 .glue_7t       0x000000000800a83a        0x0 linker stubs
 *(.eh_frame)
 *fill*         0x000000000800a83a        0x2 
 .eh_frame      0x000000000800a83c        0x0 /Applications/STM32CubeIDE.app/Contents/Eclipse/plugins/com.st.stm32cube.ide.mcu.externaltools.gnu-tools-for-stm32.10.3-2021.10.macos64_1.0.0.202111181127/tools/bin/../lib/gcc/arm-none-eabi/10.3.1/thumb/v7-m/nofp/crtbegin.o
 *(.init)
 .init          0x000000000800a83c        0x4 /Applications/STM32CubeIDE.app/Contents/Eclipse/plugins/com.st.stm32cube.ide.mcu.externaltools.gnu-tools-for-stm32.10.3-2021.10.macos64_1.0.0.202111181127/tools/bin/../lib/gcc/arm-none-eabi/10.3.1/thumb/v7-m/nofp/crti.o
                0x000000000800a83c                _init
 .init          0x000000000800a840        0x8 /Applications/STM32CubeIDE.app/Contents/Eclipse/plugins/com.st.stm32cube.ide.mcu.externaltools.gnu-tools-for-stm32.10.3-2021.10.macos64_1.0.0.202111181127/tools/bin/../lib/gcc/arm-none-eabi/10.3.1/thumb/v7-m/nofp/crtn.o
 *(.fini)
 .fini          0x000000000800a848        0x4 /Applications/STM32CubeIDE.app/Contents/Eclipse/plugins/com.st.stm32cube.ide.mcu.externaltools.gnu-tools-for-stm32.10.3-2021.10.macos64_1.0.0.202111181127/tools/bin/../lib/gcc/arm-none-eabi/10.3.1/thumb/v7-m/nofp/crti.o
                0x000000000800a848                _fini
 .fini          0x000000000800a84c        0x8 /Applications/STM32CubeIDE.app/Contents/Eclipse/plugins/com.st.stm32cube.ide.mcu.externaltools.gnu-tools-for-stm32.10.3-2021.10.macos64_1.0.0.202111181127/tools/bin/../lib/gcc/arm-none-eabi/10.3.1/thumb/v7-m/nofp/crtn.o
                0x000000000800a854                . = ALIGN (0x4)
                0x000000000800a854                _etext = .

.vfp11_veneer   0x000000000800a854        0x0
 .vfp11_veneer  0x000000000800a854        0x0 linker stubs

.v4_bx          0x000000000800a854        0x0
 .v4_bx         0x000000000800a854        0x0 linker stubs

.iplt           0x000000000800a854        0x0
 .iplt          0x000000000800a854        0x0 /Applications/STM32CubeIDE.app/Contents/Eclipse/plugins/com.st.stm32cube.ide.mcu.externaltools.gnu-tools-for-stm32.10.3-2021.10.macos64_1.0.0.202111181127/tools/bin/../lib/gcc/arm-none-eabi/10.3.1/thumb/v7-m/nofp/crtbegin.o

.rodata         0x000000000800a854      0x7d0
                0x000000000800a854                . = ALIGN (0x4)
 *(.rodata)
 .rodata        0x000000000800a854       0xa5 ./Core/Src/main.o
 *fill*         0x000000000800a8f9        0x3 
 .rodata        0x000000000800a8fc       0x10 ./Drivers/STM32F1xx_HAL_Driver/Src/stm32f1xx_hal_rcc.o
 .rodata        0x000000000800a90c       0x44 ./Middlewares/Third_Party/FatFs/src/ff.o
 *(.rodata*)
 .rodata.ucAscii_1608
                0x000000000800a950      0x5f0 ./Core/Src/lcd.o
                0x000000000800a950                ucAscii_1608
 .rodata.AHBPrescTable
                0x000000000800af40       0x10 ./Core/Src/system_stm32f1xx.o
                0x000000000800af40                AHBPrescTable
 .rodata.APBPrescTable
                0x000000000800af50        0x8 ./Core/Src/system_stm32f1xx.o
                0x000000000800af50                APBPrescTable
 .rodata.ExCvt  0x000000000800af58       0x80 ./Middlewares/Third_Party/FatFs/src/ff.o
 .rodata.SD_Driver
                0x000000000800afd8       0x14 ./Middlewares/Third_Party/FatFs/src/drivers/sd_diskio.o
                0x000000000800afd8                SD_Driver
 .rodata.CSWTCH.8
                0x000000000800afec        0xc /Applications/STM32CubeIDE.app/Contents/Eclipse/plugins/com.st.stm32cube.ide.mcu.externaltools.gnu-tools-for-stm32.10.3-2021.10.macos64_1.0.0.202111181127/tools/bin/../lib/gcc/arm-none-eabi/10.3.1/../../../../arm-none-eabi/lib/thumb/v7-m/nofp/libm.a(lib_a-ef_atan2.o)
 .rodata.CSWTCH.9
                0x000000000800aff8        0xc /Applications/STM32CubeIDE.app/Contents/Eclipse/plugins/com.st.stm32cube.ide.mcu.externaltools.gnu-tools-for-stm32.10.3-2021.10.macos64_1.0.0.202111181127/tools/bin/../lib/gcc/arm-none-eabi/10.3.1/../../../../arm-none-eabi/lib/thumb/v7-m/nofp/libm.a(lib_a-ef_atan2.o)
 .rodata.atanhi
                0x000000000800b004       0x10 /Applications/STM32CubeIDE.app/Contents/Eclipse/plugins/com.st.stm32cube.ide.mcu.externaltools.gnu-tools-for-stm32.10.3-2021.10.macos64_1.0.0.202111181127/tools/bin/../lib/gcc/arm-none-eabi/10.3.1/../../../../arm-none-eabi/lib/thumb/v7-m/nofp/libm.a(lib_a-sf_atan.o)
 .rodata.atanlo
                0x000000000800b014       0x10 /Applications/STM32CubeIDE.app/Contents/Eclipse/plugins/com.st.stm32cube.ide.mcu.externaltools.gnu-tools-for-stm32.10.3-2021.10.macos64_1.0.0.202111181127/tools/bin/../lib/gcc/arm-none-eabi/10.3.1/../../../../arm-none-eabi/lib/thumb/v7-m/nofp/libm.a(lib_a-sf_atan.o)
                0x000000000800b024                . = ALIGN (0x4)

.rel.dyn        0x000000000800b024        0x0
 .rel.iplt      0x000000000800b024        0x0 /Applications/STM32CubeIDE.app/Contents/Eclipse/plugins/com.st.stm32cube.ide.mcu.externaltools.gnu-tools-for-stm32.10.3-2021.10.macos64_1.0.0.202111181127/tools/bin/../lib/gcc/arm-none-eabi/10.3.1/thumb/v7-m/nofp/crtbegin.o

.ARM.extab      0x000000000800b024        0x0
                0x000000000800b024                . = ALIGN (0x4)
 *(.ARM.extab* .gnu.linkonce.armextab.*)
                0x000000000800b024                . = ALIGN (0x4)

.ARM            0x000000000800b024        0x0
                0x000000000800b024                . = ALIGN (0x4)
                0x000000000800b024                __exidx_start = .
 *(.ARM.exidx*)
                0x000000000800b024                __exidx_end = .
                0x000000000800b024                . = ALIGN (0x4)

.preinit_array  0x000000000800b024        0x0
                0x000000000800b024                . = ALIGN (0x4)
                0x000000000800b024                PROVIDE (__preinit_array_start = .)
 *(.preinit_array*)
                0x000000000800b024                PROVIDE (__preinit_array_end = .)
                0x000000000800b024                . = ALIGN (0x4)

.init_array     0x000000000800b024        0x4
                0x000000000800b024                . = ALIGN (0x4)
                0x000000000800b024                PROVIDE (__init_array_start = .)
 *(SORT_BY_NAME(.init_array.*))
 *(.init_array*)
 .init_array    0x000000000800b024        0x4 /Applications/STM32CubeIDE.app/Contents/Eclipse/plugins/com.st.stm32cube.ide.mcu.externaltools.gnu-tools-for-stm32.10.3-2021.10.macos64_1.0.0.202111181127/tools/bin/../lib/gcc/arm-none-eabi/10.3.1/thumb/v7-m/nofp/crtbegin.o
                0x000000000800b028                PROVIDE (__init_array_end = .)
                0x000000000800b028                . = ALIGN (0x4)

.fini_array     0x000000000800b028        0x4
                0x000000000800b028                . = ALIGN (0x4)
                [!provide]                        PROVIDE (__fini_array_start = .)
 *(SORT_BY_NAME(.fini_array.*))
 *(.fini_array*)
 .fini_array    0x000000000800b028        0x4 /Applications/STM32CubeIDE.app/Contents/Eclipse/plugins/com.st.stm32cube.ide.mcu.externaltools.gnu-tools-for-stm32.10.3-2021.10.macos64_1.0.0.202111181127/tools/bin/../lib/gcc/arm-none-eabi/10.3.1/thumb/v7-m/nofp/crtbegin.o
                [!provide]                        PROVIDE (__fini_array_end = .)
                0x000000000800b02c                . = ALIGN (0x4)
                0x000000000800b02c                _sidata = LOADADDR (.data)

.data           0x0000000020000000       0x10 load address 0x000000000800b02c
                0x0000000020000000                . = ALIGN (0x4)
                0x0000000020000000                _sdata = .
 *(.data)
 *(.data*)
 .data.alpha    0x0000000020000000        0x4 ./Core/Src/main.o
                0x0000000020000000                alpha
 .data.SystemCoreClock
                0x0000000020000004        0x4 ./Core/Src/system_stm32f1xx.o
                0x0000000020000004                SystemCoreClock
 .data.uwTickPrio
                0x0000000020000008        0x4 ./Drivers/STM32F1xx_HAL_Driver/Src/stm32f1xx_hal.o
                0x0000000020000008                uwTickPrio
 .data.uwTickFreq
                0x000000002000000c        0x1 ./Drivers/STM32F1xx_HAL_Driver/Src/stm32f1xx_hal.o
                0x000000002000000c                uwTickFreq
 .data.Stat     0x000000002000000d        0x1 ./Middlewares/Third_Party/FatFs/src/drivers/sd_diskio.o
 *(.RamFunc)
 *(.RamFunc*)
                0x0000000020000010                . = ALIGN (0x4)
 *fill*         0x000000002000000e        0x2 
                0x0000000020000010                _edata = .

.igot.plt       0x0000000020000010        0x0 load address 0x000000000800b03c
 .igot.plt      0x0000000020000010        0x0 /Applications/STM32CubeIDE.app/Contents/Eclipse/plugins/com.st.stm32cube.ide.mcu.externaltools.gnu-tools-for-stm32.10.3-2021.10.macos64_1.0.0.202111181127/tools/bin/../lib/gcc/arm-none-eabi/10.3.1/thumb/v7-m/nofp/crtbegin.o
                0x0000000020000010                . = ALIGN (0x4)

.bss            0x0000000020000010     0x7f94 load address 0x000000000800b03c
                0x0000000020000010                _sbss = .
                0x0000000020000010                __bss_start__ = _sbss
 *(.bss)
 .bss           0x0000000020000010       0x1c /Applications/STM32CubeIDE.app/Contents/Eclipse/plugins/com.st.stm32cube.ide.mcu.externaltools.gnu-tools-for-stm32.10.3-2021.10.macos64_1.0.0.202111181127/tools/bin/../lib/gcc/arm-none-eabi/10.3.1/thumb/v7-m/nofp/crtbegin.o
 *(.bss*)
 .bss.hdac      0x000000002000002c       0x14 ./Core/Src/main.o
                0x000000002000002c                hdac
 .bss.hdma_dac_ch1
                0x0000000020000040       0x44 ./Core/Src/main.o
                0x0000000020000040                hdma_dac_ch1
 .bss.hi2c2     0x0000000020000084       0x54 ./Core/Src/main.o
                0x0000000020000084                hi2c2
 .bss.hsd       0x00000000200000d8       0x84 ./Core/Src/main.o
                0x00000000200000d8                hsd
 .bss.htim6     0x000000002000015c       0x48 ./Core/Src/main.o
                0x000000002000015c                htim6
 .bss.hsram1    0x00000000200001a4       0x48 ./Core/Src/main.o
                0x00000000200001a4                hsram1
 .bss.channels  0x00000000200001ec     0x5b04 ./Core/Src/main.o
                0x00000000200001ec                channels
 .bss.audioBuffer
                0x0000000020005cf0     0x2000 ./Core/Src/main.o
                0x0000000020005cf0                audioBuffer
 .bss.transferStatus
                0x0000000020007cf0        0x1 ./Core/Src/main.o
                0x0000000020007cf0                transferStatus
 *fill*         0x0000000020007cf1        0x3 
 .bss.PA0_previous
                0x0000000020007cf4        0x4 ./Core/Src/main.o
                0x0000000020007cf4                PA0_previous
 .bss.PC13_previous
                0x0000000020007cf8        0x4 ./Core/Src/main.o
                0x0000000020007cf8                PC13_previous
 .bss.PA0_current
                0x0000000020007cfc        0x4 ./Core/Src/main.o
                0x0000000020007cfc                PA0_current
 .bss.PC13_current
                0x0000000020007d00        0x4 ./Core/Src/main.o
                0x0000000020007d00                PC13_current
 .bss.last_hit_time
                0x0000000020007d04        0x4 ./Core/Src/main.o
                0x0000000020007d04                last_hit_time
 .bss.Rec_Data  0x0000000020007d08        0xe ./Core/Src/main.o
                0x0000000020007d08                Rec_Data
 .bss.Accel_X_RAW
                0x0000000020007d16        0x2 ./Core/Src/main.o
                0x0000000020007d16                Accel_X_RAW
 .bss.Accel_Y_RAW
                0x0000000020007d18        0x2 ./Core/Src/main.o
                0x0000000020007d18                Accel_Y_RAW
 .bss.Accel_Z_RAW
                0x0000000020007d1a        0x2 ./Core/Src/main.o
                0x0000000020007d1a                Accel_Z_RAW
 .bss.Gyro_X_RAW
                0x0000000020007d1c        0x2 ./Core/Src/main.o
                0x0000000020007d1c                Gyro_X_RAW
 .bss.Gyro_Y_RAW
                0x0000000020007d1e        0x2 ./Core/Src/main.o
                0x0000000020007d1e                Gyro_Y_RAW
 .bss.Gyro_Z_RAW
                0x0000000020007d20        0x2 ./Core/Src/main.o
                0x0000000020007d20                Gyro_Z_RAW
 *fill*         0x0000000020007d22        0x2 
 .bss.filtered_accel_z
                0x0000000020007d24        0x4 ./Core/Src/main.o
                0x0000000020007d24                filtered_accel_z
 .bss.currentState
                0x0000000020007d28        0x1 ./Core/Src/main.o
                0x0000000020007d28                currentState
 *fill*         0x0000000020007d29        0x3 
 .bss.filtered_angle
                0x0000000020007d2c        0x4 ./Core/Src/main.o
                0x0000000020007d2c                filtered_angle
 .bss.gyro_z_offset
                0x0000000020007d30        0x4 ./Core/Src/main.o
                0x0000000020007d30                gyro_z_offset
 .bss.last_loop_time
                0x0000000020007d34        0x4 ./Core/Src/main.o
                0x0000000020007d34                last_loop_time
 .bss.FSMC_Initialized
                0x0000000020007d38        0x4 ./Core/Src/stm32f1xx_hal_msp.o
 .bss.uwTick    0x0000000020007d3c        0x4 ./Drivers/STM32F1xx_HAL_Driver/Src/stm32f1xx_hal.o
                0x0000000020007d3c                uwTick
 .bss.retSD     0x0000000020007d40        0x1 ./FATFS/App/fatfs.o
                0x0000000020007d40                retSD
 *fill*         0x0000000020007d41        0x3 
 .bss.SDPath    0x0000000020007d44        0x4 ./FATFS/App/fatfs.o
                0x0000000020007d44                SDPath
 .bss.SDFatFS   0x0000000020007d48      0x230 ./FATFS/App/fatfs.o
                0x0000000020007d48                SDFatFS
 .bss.FatFs     0x0000000020007f78        0x4 ./Middlewares/Third_Party/FatFs/src/ff.o
 .bss.Fsid      0x0000000020007f7c        0x2 ./Middlewares/Third_Party/FatFs/src/ff.o
 *fill*         0x0000000020007f7e        0x2 
 .bss.Files     0x0000000020007f80       0x18 ./Middlewares/Third_Party/FatFs/src/ff.o
 .bss.disk      0x0000000020007f98        0xc ./Middlewares/Third_Party/FatFs/src/ff_gen_drv.o
                0x0000000020007f98                disk
 *(COMMON)
                0x0000000020007fa4                . = ALIGN (0x4)
                0x0000000020007fa4                _ebss = .
                0x0000000020007fa4                __bss_end__ = _ebss

._user_heap_stack
                0x0000000020007fa4      0x604 load address 0x000000000800b03c
                0x0000000020007fa8                . = ALIGN (0x8)
 *fill*         0x0000000020007fa4        0x4 
                [!provide]                        PROVIDE (end = .)
                0x0000000020007fa8                PROVIDE (_end = .)
                0x00000000200081a8                . = (. + _Min_Heap_Size)
 *fill*         0x0000000020007fa8      0x200 
                0x00000000200085a8                . = (. + _Min_Stack_Size)
 *fill*         0x00000000200081a8      0x400 
                0x00000000200085a8                . = ALIGN (0x8)

/DISCARD/
 libc.a(*)
 libm.a(*)
 libgcc.a(*)

.ARM.attributes
                0x0000000000000000       0x29
 *(.ARM.attributes)
 .ARM.attributes
                0x0000000000000000       0x1d /Applications/STM32CubeIDE.app/Contents/Eclipse/plugins/com.st.stm32cube.ide.mcu.externaltools.gnu-tools-for-stm32.10.3-2021.10.macos64_1.0.0.202111181127/tools/bin/../lib/gcc/arm-none-eabi/10.3.1/thumb/v7-m/nofp/crti.o
 .ARM.attributes
                0x000000000000001d       0x2d /Applications/STM32CubeIDE.app/Contents/Eclipse/plugins/com.st.stm32cube.ide.mcu.externaltools.gnu-tools-for-stm32.10.3-2021.10.macos64_1.0.0.202111181127/tools/bin/../lib/gcc/arm-none-eabi/10.3.1/thumb/v7-m/nofp/crtbegin.o
 .ARM.attributes
                0x000000000000004a       0x2d ./Core/Src/lcd.o
 .ARM.attributes
                0x0000000000000077       0x2d ./Core/Src/main.o
 .ARM.attributes
                0x00000000000000a4       0x2d ./Core/Src/stm32f1xx_hal_msp.o
 .ARM.attributes
                0x00000000000000d1       0x2d ./Core/Src/stm32f1xx_it.o
 .ARM.attributes
                0x00000000000000fe       0x2d ./Core/Src/system_stm32f1xx.o
 .ARM.attributes
                0x000000000000012b       0x21 ./Core/Startup/startup_stm32f103vetx.o
 .ARM.attributes
                0x000000000000014c       0x2d ./Drivers/STM32F1xx_HAL_Driver/Src/stm32f1xx_hal.o
 .ARM.attributes
                0x0000000000000179       0x2d ./Drivers/STM32F1xx_HAL_Driver/Src/stm32f1xx_hal_cortex.o
 .ARM.attributes
                0x00000000000001a6       0x2d ./Drivers/STM32F1xx_HAL_Driver/Src/stm32f1xx_hal_dac.o
 .ARM.attributes
                0x00000000000001d3       0x2d ./Drivers/STM32F1xx_HAL_Driver/Src/stm32f1xx_hal_dac_ex.o
 .ARM.attributes
                0x0000000000000200       0x2d ./Drivers/STM32F1xx_HAL_Driver/Src/stm32f1xx_hal_dma.o
 .ARM.attributes
                0x000000000000022d       0x2d ./Drivers/STM32F1xx_HAL_Driver/Src/stm32f1xx_hal_gpio.o
 .ARM.attributes
                0x000000000000025a       0x2d ./Drivers/STM32F1xx_HAL_Driver/Src/stm32f1xx_hal_i2c.o
 .ARM.attributes
                0x0000000000000287       0x2d ./Drivers/STM32F1xx_HAL_Driver/Src/stm32f1xx_hal_rcc.o
 .ARM.attributes
                0x00000000000002b4       0x2d ./Drivers/STM32F1xx_HAL_Driver/Src/stm32f1xx_hal_sd.o
 .ARM.attributes
                0x00000000000002e1       0x2d ./Drivers/STM32F1xx_HAL_Driver/Src/stm32f1xx_hal_sram.o
 .ARM.attributes
                0x000000000000030e       0x2d ./Drivers/STM32F1xx_HAL_Driver/Src/stm32f1xx_hal_tim.o
 .ARM.attributes
                0x000000000000033b       0x2d ./Drivers/STM32F1xx_HAL_Driver/Src/stm32f1xx_hal_tim_ex.o
 .ARM.attributes
                0x0000000000000368       0x2d ./Drivers/STM32F1xx_HAL_Driver/Src/stm32f1xx_ll_fsmc.o
 .ARM.attributes
                0x0000000000000395       0x2d ./Drivers/STM32F1xx_HAL_Driver/Src/stm32f1xx_ll_sdmmc.o
 .ARM.attributes
                0x00000000000003c2       0x2d ./FATFS/App/fatfs.o
 .ARM.attributes
                0x00000000000003ef       0x2d ./FATFS/Target/bsp_driver_sd.o
 .ARM.attributes
                0x000000000000041c       0x2d ./Middlewares/Third_Party/FatFs/src/diskio.o
 .ARM.attributes
                0x0000000000000449       0x2d ./Middlewares/Third_Party/FatFs/src/ff.o
 .ARM.attributes
                0x0000000000000476       0x2d ./Middlewares/Third_Party/FatFs/src/ff_gen_drv.o
 .ARM.attributes
                0x00000000000004a3       0x2d ./Middlewares/Third_Party/FatFs/src/drivers/sd_diskio.o
 .ARM.attributes
                0x00000000000004d0       0x2d /Applications/STM32CubeIDE.app/Contents/Eclipse/plugins/com.st.stm32cube.ide.mcu.externaltools.gnu-tools-for-stm32.10.3-2021.10.macos64_1.0.0.202111181127/tools/bin/../lib/gcc/arm-none-eabi/10.3.1/../../../../arm-none-eabi/lib/thumb/v7-m/nofp/libc_nano.a(lib_a-init.o)
 .ARM.attributes
                0x00000000000004fd       0x2d /Applications/STM32CubeIDE.app/Contents/Eclipse/plugins/com.st.stm32cube.ide.mcu.externaltools.gnu-tools-for-stm32.10.3-2021.10.macos64_1.0.0.202111181127/tools/bin/../lib/gcc/arm-none-eabi/10.3.1/../../../../arm-none-eabi/lib/thumb/v7-m/nofp/libc_nano.a(lib_a-memset.o)
 .ARM.attributes
                0x000000000000052a       0x2d /Applications/STM32CubeIDE.app/Contents/Eclipse/plugins/com.st.stm32cube.ide.mcu.externaltools.gnu-tools-for-stm32.10.3-2021.10.macos64_1.0.0.202111181127/tools/bin/../lib/gcc/arm-none-eabi/10.3.1/../../../../arm-none-eabi/lib/thumb/v7-m/nofp/libm.a(lib_a-wf_atan2.o)
 .ARM.attributes
                0x0000000000000557       0x2d /Applications/STM32CubeIDE.app/Contents/Eclipse/plugins/com.st.stm32cube.ide.mcu.externaltools.gnu-tools-for-stm32.10.3-2021.10.macos64_1.0.0.202111181127/tools/bin/../lib/gcc/arm-none-eabi/10.3.1/../../../../arm-none-eabi/lib/thumb/v7-m/nofp/libm.a(lib_a-ef_atan2.o)
 .ARM.attributes
                0x0000000000000584       0x2d /Applications/STM32CubeIDE.app/Contents/Eclipse/plugins/com.st.stm32cube.ide.mcu.externaltools.gnu-tools-for-stm32.10.3-2021.10.macos64_1.0.0.202111181127/tools/bin/../lib/gcc/arm-none-eabi/10.3.1/../../../../arm-none-eabi/lib/thumb/v7-m/nofp/libm.a(lib_a-sf_atan.o)
 .ARM.attributes
                0x00000000000005b1       0x2d /Applications/STM32CubeIDE.app/Contents/Eclipse/plugins/com.st.stm32cube.ide.mcu.externaltools.gnu-tools-for-stm32.10.3-2021.10.macos64_1.0.0.202111181127/tools/bin/../lib/gcc/arm-none-eabi/10.3.1/../../../../arm-none-eabi/lib/thumb/v7-m/nofp/libm.a(lib_a-sf_fabs.o)
 .ARM.attributes
                0x00000000000005de       0x1d /Applications/STM32CubeIDE.app/Contents/Eclipse/plugins/com.st.stm32cube.ide.mcu.externaltools.gnu-tools-for-stm32.10.3-2021.10.macos64_1.0.0.202111181127/tools/bin/../lib/gcc/arm-none-eabi/10.3.1/thumb/v7-m/nofp/libgcc.a(_arm_addsubsf3.o)
 .ARM.attributes
                0x00000000000005fb       0x1d /Applications/STM32CubeIDE.app/Contents/Eclipse/plugins/com.st.stm32cube.ide.mcu.externaltools.gnu-tools-for-stm32.10.3-2021.10.macos64_1.0.0.202111181127/tools/bin/../lib/gcc/arm-none-eabi/10.3.1/thumb/v7-m/nofp/libgcc.a(_arm_muldivsf3.o)
 .ARM.attributes
                0x0000000000000618       0x1d /Applications/STM32CubeIDE.app/Contents/Eclipse/plugins/com.st.stm32cube.ide.mcu.externaltools.gnu-tools-for-stm32.10.3-2021.10.macos64_1.0.0.202111181127/tools/bin/../lib/gcc/arm-none-eabi/10.3.1/thumb/v7-m/nofp/libgcc.a(_arm_cmpsf2.o)
 .ARM.attributes
                0x0000000000000635       0x1d /Applications/STM32CubeIDE.app/Contents/Eclipse/plugins/com.st.stm32cube.ide.mcu.externaltools.gnu-tools-for-stm32.10.3-2021.10.macos64_1.0.0.202111181127/tools/bin/../lib/gcc/arm-none-eabi/10.3.1/thumb/v7-m/nofp/crtn.o
OUTPUT(STM32-Air-Drumsticks.elf elf32-littlearm)
LOAD linker stubs
LOAD /Applications/STM32CubeIDE.app/Contents/Eclipse/plugins/com.st.stm32cube.ide.mcu.externaltools.gnu-tools-for-stm32.10.3-2021.10.macos64_1.0.0.202111181127/tools/bin/../lib/gcc/arm-none-eabi/10.3.1/../../../../arm-none-eabi/lib/thumb/v7-m/nofp/libc.a
LOAD /Applications/STM32CubeIDE.app/Contents/Eclipse/plugins/com.st.stm32cube.ide.mcu.externaltools.gnu-tools-for-stm32.10.3-2021.10.macos64_1.0.0.202111181127/tools/bin/../lib/gcc/arm-none-eabi/10.3.1/../../../../arm-none-eabi/lib/thumb/v7-m/nofp/libm.a
LOAD /Applications/STM32CubeIDE.app/Contents/Eclipse/plugins/com.st.stm32cube.ide.mcu.externaltools.gnu-tools-for-stm32.10.3-2021.10.macos64_1.0.0.202111181127/tools/bin/../lib/gcc/arm-none-eabi/10.3.1/thumb/v7-m/nofp/libgcc.a

.debug_info     0x0000000000000000    0x1747b
 .debug_info    0x0000000000000000      0x880 ./Core/Src/lcd.o
 .debug_info    0x0000000000000880     0x24d7 ./Core/Src/main.o
 .debug_info    0x0000000000002d57     0x17d4 ./Core/Src/stm32f1xx_hal_msp.o
 .debug_info    0x000000000000452b      0x76b ./Core/Src/stm32f1xx_it.o
 .debug_info    0x0000000000004c96      0x23d ./Core/Src/system_stm32f1xx.o
 .debug_info    0x0000000000004ed3       0x22 ./Core/Startup/startup_stm32f103vetx.o
 .debug_info    0x0000000000004ef5      0x79a ./Drivers/STM32F1xx_HAL_Driver/Src/stm32f1xx_hal.o
 .debug_info    0x000000000000568f      0xb86 ./Drivers/STM32F1xx_HAL_Driver/Src/stm32f1xx_hal_cortex.o
 .debug_info    0x0000000000006215      0x9f2 ./Drivers/STM32F1xx_HAL_Driver/Src/stm32f1xx_hal_dac.o
 .debug_info    0x0000000000006c07      0x761 ./Drivers/STM32F1xx_HAL_Driver/Src/stm32f1xx_hal_dac_ex.o
 .debug_info    0x0000000000007368      0x73f ./Drivers/STM32F1xx_HAL_Driver/Src/stm32f1xx_hal_dma.o
 .debug_info    0x0000000000007aa7      0x615 ./Drivers/STM32F1xx_HAL_Driver/Src/stm32f1xx_hal_gpio.o
 .debug_info    0x00000000000080bc     0x2734 ./Drivers/STM32F1xx_HAL_Driver/Src/stm32f1xx_hal_i2c.o
 .debug_info    0x000000000000a7f0      0x860 ./Drivers/STM32F1xx_HAL_Driver/Src/stm32f1xx_hal_rcc.o
 .debug_info    0x000000000000b050     0x1cbf ./Drivers/STM32F1xx_HAL_Driver/Src/stm32f1xx_hal_sd.o
 .debug_info    0x000000000000cd0f      0xd5b ./Drivers/STM32F1xx_HAL_Driver/Src/stm32f1xx_hal_sram.o
 .debug_info    0x000000000000da6a     0x29de ./Drivers/STM32F1xx_HAL_Driver/Src/stm32f1xx_hal_tim.o
 .debug_info    0x0000000000010448     0x1513 ./Drivers/STM32F1xx_HAL_Driver/Src/stm32f1xx_hal_tim_ex.o
 .debug_info    0x000000000001195b      0xa08 ./Drivers/STM32F1xx_HAL_Driver/Src/stm32f1xx_ll_fsmc.o
 .debug_info    0x0000000000012363     0x1194 ./Drivers/STM32F1xx_HAL_Driver/Src/stm32f1xx_ll_sdmmc.o
 .debug_info    0x00000000000134f7      0x51e ./FATFS/App/fatfs.o
 .debug_info    0x0000000000013a15      0xb08 ./FATFS/Target/bsp_driver_sd.o
 .debug_info    0x000000000001451d      0x40d ./Middlewares/Third_Party/FatFs/src/diskio.o
 .debug_info    0x000000000001492a     0x22d8 ./Middlewares/Third_Party/FatFs/src/ff.o
 .debug_info    0x0000000000016c02      0x3a4 ./Middlewares/Third_Party/FatFs/src/ff_gen_drv.o
 .debug_info    0x0000000000016fa6      0x4d5 ./Middlewares/Third_Party/FatFs/src/drivers/sd_diskio.o

.debug_abbrev   0x0000000000000000     0x35d4
 .debug_abbrev  0x0000000000000000      0x243 ./Core/Src/lcd.o
 .debug_abbrev  0x0000000000000243      0x423 ./Core/Src/main.o
 .debug_abbrev  0x0000000000000666      0x2b7 ./Core/Src/stm32f1xx_hal_msp.o
 .debug_abbrev  0x000000000000091d      0x19c ./Core/Src/stm32f1xx_it.o
 .debug_abbrev  0x0000000000000ab9      0x13b ./Core/Src/system_stm32f1xx.o
 .debug_abbrev  0x0000000000000bf4       0x12 ./Core/Startup/startup_stm32f103vetx.o
 .debug_abbrev  0x0000000000000c06      0x1fb ./Drivers/STM32F1xx_HAL_Driver/Src/stm32f1xx_hal.o
 .debug_abbrev  0x0000000000000e01      0x2ed ./Drivers/STM32F1xx_HAL_Driver/Src/stm32f1xx_hal_cortex.o
 .debug_abbrev  0x00000000000010ee      0x1f4 ./Drivers/STM32F1xx_HAL_Driver/Src/stm32f1xx_hal_dac.o
 .debug_abbrev  0x00000000000012e2      0x1d5 ./Drivers/STM32F1xx_HAL_Driver/Src/stm32f1xx_hal_dac_ex.o
 .debug_abbrev  0x00000000000014b7      0x1fe ./Drivers/STM32F1xx_HAL_Driver/Src/stm32f1xx_hal_dma.o
 .debug_abbrev  0x00000000000016b5      0x1bb ./Drivers/STM32F1xx_HAL_Driver/Src/stm32f1xx_hal_gpio.o
 .debug_abbrev  0x0000000000001870      0x288 ./Drivers/STM32F1xx_HAL_Driver/Src/stm32f1xx_hal_i2c.o
 .debug_abbrev  0x0000000000001af8      0x2a8 ./Drivers/STM32F1xx_HAL_Driver/Src/stm32f1xx_hal_rcc.o
 .debug_abbrev  0x0000000000001da0      0x273 ./Drivers/STM32F1xx_HAL_Driver/Src/stm32f1xx_hal_sd.o
 .debug_abbrev  0x0000000000002013      0x1f8 ./Drivers/STM32F1xx_HAL_Driver/Src/stm32f1xx_hal_sram.o
 .debug_abbrev  0x000000000000220b      0x25d ./Drivers/STM32F1xx_HAL_Driver/Src/stm32f1xx_hal_tim.o
 .debug_abbrev  0x0000000000002468      0x265 ./Drivers/STM32F1xx_HAL_Driver/Src/stm32f1xx_hal_tim_ex.o
 .debug_abbrev  0x00000000000026cd      0x196 ./Drivers/STM32F1xx_HAL_Driver/Src/stm32f1xx_ll_fsmc.o
 .debug_abbrev  0x0000000000002863      0x1f5 ./Drivers/STM32F1xx_HAL_Driver/Src/stm32f1xx_ll_sdmmc.o
 .debug_abbrev  0x0000000000002a58      0x19a ./FATFS/App/fatfs.o
 .debug_abbrev  0x0000000000002bf2      0x295 ./FATFS/Target/bsp_driver_sd.o
 .debug_abbrev  0x0000000000002e87      0x178 ./Middlewares/Third_Party/FatFs/src/diskio.o
 .debug_abbrev  0x0000000000002fff      0x2c5 ./Middlewares/Third_Party/FatFs/src/ff.o
 .debug_abbrev  0x00000000000032c4      0x196 ./Middlewares/Third_Party/FatFs/src/ff_gen_drv.o
 .debug_abbrev  0x000000000000345a      0x17a ./Middlewares/Third_Party/FatFs/src/drivers/sd_diskio.o

.debug_aranges  0x0000000000000000     0x16b8
 .debug_aranges
                0x0000000000000000       0xa8 ./Core/Src/lcd.o
 .debug_aranges
                0x00000000000000a8       0xb0 ./Core/Src/main.o
 .debug_aranges
                0x0000000000000158       0x80 ./Core/Src/stm32f1xx_hal_msp.o
 .debug_aranges
                0x00000000000001d8       0x70 ./Core/Src/stm32f1xx_it.o
 .debug_aranges
                0x0000000000000248       0x28 ./Core/Src/system_stm32f1xx.o
 .debug_aranges
                0x0000000000000270       0x28 ./Core/Startup/startup_stm32f103vetx.o
 .debug_aranges
                0x0000000000000298       0xe0 ./Drivers/STM32F1xx_HAL_Driver/Src/stm32f1xx_hal.o
 .debug_aranges
                0x0000000000000378      0x100 ./Drivers/STM32F1xx_HAL_Driver/Src/stm32f1xx_hal_cortex.o
 .debug_aranges
                0x0000000000000478       0xc0 ./Drivers/STM32F1xx_HAL_Driver/Src/stm32f1xx_hal_dac.o
 .debug_aranges
                0x0000000000000538       0x80 ./Drivers/STM32F1xx_HAL_Driver/Src/stm32f1xx_hal_dac_ex.o
 .debug_aranges
                0x00000000000005b8       0x80 ./Drivers/STM32F1xx_HAL_Driver/Src/stm32f1xx_hal_dma.o
 .debug_aranges
                0x0000000000000638       0x58 ./Drivers/STM32F1xx_HAL_Driver/Src/stm32f1xx_hal_gpio.o
 .debug_aranges
                0x0000000000000690      0x2a0 ./Drivers/STM32F1xx_HAL_Driver/Src/stm32f1xx_hal_i2c.o
 .debug_aranges
                0x0000000000000930       0x90 ./Drivers/STM32F1xx_HAL_Driver/Src/stm32f1xx_hal_rcc.o
 .debug_aranges
                0x00000000000009c0      0x168 ./Drivers/STM32F1xx_HAL_Driver/Src/stm32f1xx_hal_sd.o
 .debug_aranges
                0x0000000000000b28       0xb8 ./Drivers/STM32F1xx_HAL_Driver/Src/stm32f1xx_hal_sram.o
 .debug_aranges
                0x0000000000000be0      0x3d0 ./Drivers/STM32F1xx_HAL_Driver/Src/stm32f1xx_hal_tim.o
 .debug_aranges
                0x0000000000000fb0      0x168 ./Drivers/STM32F1xx_HAL_Driver/Src/stm32f1xx_hal_tim_ex.o
 .debug_aranges
                0x0000000000001118       0xa8 ./Drivers/STM32F1xx_HAL_Driver/Src/stm32f1xx_ll_fsmc.o
 .debug_aranges
                0x00000000000011c0      0x180 ./Drivers/STM32F1xx_HAL_Driver/Src/stm32f1xx_ll_sdmmc.o
 .debug_aranges
                0x0000000000001340       0x28 ./FATFS/App/fatfs.o
 .debug_aranges
                0x0000000000001368       0xa0 ./FATFS/Target/bsp_driver_sd.o
 .debug_aranges
                0x0000000000001408       0x48 ./Middlewares/Third_Party/FatFs/src/diskio.o
 .debug_aranges
                0x0000000000001450      0x1e8 ./Middlewares/Third_Party/FatFs/src/ff.o
 .debug_aranges
                0x0000000000001638       0x40 ./Middlewares/Third_Party/FatFs/src/ff_gen_drv.o
 .debug_aranges
                0x0000000000001678       0x40 ./Middlewares/Third_Party/FatFs/src/drivers/sd_diskio.o

.debug_ranges   0x0000000000000000     0x1548
 .debug_ranges  0x0000000000000000       0x98 ./Core/Src/lcd.o
 .debug_ranges  0x0000000000000098       0xa0 ./Core/Src/main.o
 .debug_ranges  0x0000000000000138       0x70 ./Core/Src/stm32f1xx_hal_msp.o
 .debug_ranges  0x00000000000001a8       0x60 ./Core/Src/stm32f1xx_it.o
 .debug_ranges  0x0000000000000208       0x18 ./Core/Src/system_stm32f1xx.o
 .debug_ranges  0x0000000000000220       0x20 ./Core/Startup/startup_stm32f103vetx.o
 .debug_ranges  0x0000000000000240       0xd0 ./Drivers/STM32F1xx_HAL_Driver/Src/stm32f1xx_hal.o
 .debug_ranges  0x0000000000000310       0xf0 ./Drivers/STM32F1xx_HAL_Driver/Src/stm32f1xx_hal_cortex.o
 .debug_ranges  0x0000000000000400       0xb0 ./Drivers/STM32F1xx_HAL_Driver/Src/stm32f1xx_hal_dac.o
 .debug_ranges  0x00000000000004b0       0x70 ./Drivers/STM32F1xx_HAL_Driver/Src/stm32f1xx_hal_dac_ex.o
 .debug_ranges  0x0000000000000520       0x70 ./Drivers/STM32F1xx_HAL_Driver/Src/stm32f1xx_hal_dma.o
 .debug_ranges  0x0000000000000590       0x48 ./Drivers/STM32F1xx_HAL_Driver/Src/stm32f1xx_hal_gpio.o
 .debug_ranges  0x00000000000005d8      0x2b8 ./Drivers/STM32F1xx_HAL_Driver/Src/stm32f1xx_hal_i2c.o
 .debug_ranges  0x0000000000000890       0x80 ./Drivers/STM32F1xx_HAL_Driver/Src/stm32f1xx_hal_rcc.o
 .debug_ranges  0x0000000000000910      0x158 ./Drivers/STM32F1xx_HAL_Driver/Src/stm32f1xx_hal_sd.o
 .debug_ranges  0x0000000000000a68       0xa8 ./Drivers/STM32F1xx_HAL_Driver/Src/stm32f1xx_hal_sram.o
 .debug_ranges  0x0000000000000b10      0x3c0 ./Drivers/STM32F1xx_HAL_Driver/Src/stm32f1xx_hal_tim.o
 .debug_ranges  0x0000000000000ed0      0x158 ./Drivers/STM32F1xx_HAL_Driver/Src/stm32f1xx_hal_tim_ex.o
 .debug_ranges  0x0000000000001028       0x98 ./Drivers/STM32F1xx_HAL_Driver/Src/stm32f1xx_ll_fsmc.o
 .debug_ranges  0x00000000000010c0      0x170 ./Drivers/STM32F1xx_HAL_Driver/Src/stm32f1xx_ll_sdmmc.o
 .debug_ranges  0x0000000000001230       0x18 ./FATFS/App/fatfs.o
 .debug_ranges  0x0000000000001248       0x90 ./FATFS/Target/bsp_driver_sd.o
 .debug_ranges  0x00000000000012d8       0x38 ./Middlewares/Third_Party/FatFs/src/diskio.o
 .debug_ranges  0x0000000000001310      0x1d8 ./Middlewares/Third_Party/FatFs/src/ff.o
 .debug_ranges  0x00000000000014e8       0x30 ./Middlewares/Third_Party/FatFs/src/ff_gen_drv.o
 .debug_ranges  0x0000000000001518       0x30 ./Middlewares/Third_Party/FatFs/src/drivers/sd_diskio.o

.debug_macro    0x0000000000000000    0x1d15c
 .debug_macro   0x0000000000000000      0x2ae ./Core/Src/lcd.o
 .debug_macro   0x00000000000002ae      0xa6c ./Core/Src/lcd.o
 .debug_macro   0x0000000000000d1a      0x233 ./Core/Src/lcd.o
 .debug_macro   0x0000000000000f4d       0x2e ./Core/Src/lcd.o
 .debug_macro   0x0000000000000f7b       0x22 ./Core/Src/lcd.o
 .debug_macro   0x0000000000000f9d       0x22 ./Core/Src/lcd.o
 .debug_macro   0x0000000000000fbf       0x8e ./Core/Src/lcd.o
 .debug_macro   0x000000000000104d       0x51 ./Core/Src/lcd.o
 .debug_macro   0x000000000000109e      0x103 ./Core/Src/lcd.o
 .debug_macro   0x00000000000011a1       0x6a ./Core/Src/lcd.o
 .debug_macro   0x000000000000120b      0x1df ./Core/Src/lcd.o
 .debug_macro   0x00000000000013ea       0x1c ./Core/Src/lcd.o
 .debug_macro   0x0000000000001406       0x22 ./Core/Src/lcd.o
 .debug_macro   0x0000000000001428       0xbd ./Core/Src/lcd.o
 .debug_macro   0x00000000000014e5      0xd23 ./Core/Src/lcd.o
 .debug_macro   0x0000000000002208     0xfd8c ./Core/Src/lcd.o
 .debug_macro   0x0000000000011f94       0x6d ./Core/Src/lcd.o
 .debug_macro   0x0000000000012001     0x3468 ./Core/Src/lcd.o
 .debug_macro   0x0000000000015469      0x174 ./Core/Src/lcd.o
 .debug_macro   0x00000000000155dd       0x5c ./Core/Src/lcd.o
 .debug_macro   0x0000000000015639      0x5be ./Core/Src/lcd.o
 .debug_macro   0x0000000000015bf7      0x4d5 ./Core/Src/lcd.o
 .debug_macro   0x00000000000160cc      0x1cb ./Core/Src/lcd.o
 .debug_macro   0x0000000000016297      0x114 ./Core/Src/lcd.o
 .debug_macro   0x00000000000163ab      0x1ea ./Core/Src/lcd.o
 .debug_macro   0x0000000000016595       0x27 ./Core/Src/lcd.o
 .debug_macro   0x00000000000165bc      0x144 ./Core/Src/lcd.o
 .debug_macro   0x0000000000016700      0x1bc ./Core/Src/lcd.o
 .debug_macro   0x00000000000168bc       0x30 ./Core/Src/lcd.o
 .debug_macro   0x00000000000168ec       0x3c ./Core/Src/lcd.o
 .debug_macro   0x0000000000016928       0x57 ./Core/Src/lcd.o
 .debug_macro   0x000000000001697f       0xe3 ./Core/Src/lcd.o
 .debug_macro   0x0000000000016a62       0xde ./Core/Src/lcd.o
 .debug_macro   0x0000000000016b40       0x88 ./Core/Src/lcd.o
 .debug_macro   0x0000000000016bc8      0x24f ./Core/Src/lcd.o
 .debug_macro   0x0000000000016e17      0x356 ./Core/Src/lcd.o
 .debug_macro   0x000000000001716d      0x287 ./Core/Src/lcd.o
 .debug_macro   0x00000000000173f4      0x141 ./Core/Src/lcd.o
 .debug_macro   0x0000000000017535      0x861 ./Core/Src/lcd.o
 .debug_macro   0x0000000000017d96      0x1d5 ./Core/Src/lcd.o
 .debug_macro   0x0000000000017f6b      0x8d1 ./Core/Src/lcd.o
 .debug_macro   0x000000000001883c       0xb5 ./Core/Src/lcd.o
 .debug_macro   0x00000000000188f1       0xd0 ./Core/Src/lcd.o
 .debug_macro   0x00000000000189c1       0x52 ./Core/Src/lcd.o
 .debug_macro   0x0000000000018a13       0x18 ./Core/Src/lcd.o
 .debug_macro   0x0000000000018a2b       0x3c ./Core/Src/lcd.o
 .debug_macro   0x0000000000018a67       0x34 ./Core/Src/lcd.o
 .debug_macro   0x0000000000018a9b       0x16 ./Core/Src/lcd.o
 .debug_macro   0x0000000000018ab1       0x43 ./Core/Src/lcd.o
 .debug_macro   0x0000000000018af4       0x34 ./Core/Src/lcd.o
 .debug_macro   0x0000000000018b28       0x10 ./Core/Src/lcd.o
 .debug_macro   0x0000000000018b38       0x58 ./Core/Src/lcd.o
 .debug_macro   0x0000000000018b90       0x71 ./Core/Src/lcd.o
 .debug_macro   0x0000000000018c01       0x1c ./Core/Src/lcd.o
 .debug_macro   0x0000000000018c1d      0x12a ./Core/Src/lcd.o
 .debug_macro   0x0000000000018d47      0x341 ./Core/Src/lcd.o
 .debug_macro   0x0000000000019088      0x19b ./Core/Src/lcd.o
 .debug_macro   0x0000000000019223      0x409 ./Core/Src/main.o
 .debug_macro   0x000000000001962c       0x3a ./Core/Src/main.o
 .debug_macro   0x0000000000019666       0xd8 ./Core/Src/main.o
 .debug_macro   0x000000000001973e       0xf5 ./Core/Src/main.o
 .debug_macro   0x0000000000019833       0x8e ./Core/Src/main.o
 .debug_macro   0x00000000000198c1       0xd6 ./Core/Src/main.o
 .debug_macro   0x0000000000019997       0x16 ./Core/Src/main.o
 .debug_macro   0x00000000000199ad       0x35 ./Core/Src/main.o
 .debug_macro   0x00000000000199e2       0x10 ./Core/Src/main.o
 .debug_macro   0x00000000000199f2       0x10 ./Core/Src/main.o
 .debug_macro   0x0000000000019a02       0x1c ./Core/Src/main.o
 .debug_macro   0x0000000000019a1e       0x52 ./Core/Src/main.o
 .debug_macro   0x0000000000019a70       0x22 ./Core/Src/main.o
 .debug_macro   0x0000000000019a92       0x10 ./Core/Src/main.o
 .debug_macro   0x0000000000019aa2       0x52 ./Core/Src/main.o
 .debug_macro   0x0000000000019af4       0xd5 ./Core/Src/main.o
 .debug_macro   0x0000000000019bc9       0x1c ./Core/Src/main.o
 .debug_macro   0x0000000000019be5       0x3d ./Core/Src/main.o
 .debug_macro   0x0000000000019c22       0x16 ./Core/Src/main.o
 .debug_macro   0x0000000000019c38      0x145 ./Core/Src/main.o
 .debug_macro   0x0000000000019d7d       0x22 ./Core/Src/main.o
 .debug_macro   0x0000000000019d9f      0x1f4 ./Core/Src/stm32f1xx_hal_msp.o
 .debug_macro   0x0000000000019f93      0x1fe ./Core/Src/stm32f1xx_it.o
 .debug_macro   0x000000000001a191      0x1ea ./Core/Src/system_stm32f1xx.o
 .debug_macro   0x000000000001a37b      0x20e ./Drivers/STM32F1xx_HAL_Driver/Src/stm32f1xx_hal.o
 .debug_macro   0x000000000001a589      0x1ea ./Drivers/STM32F1xx_HAL_Driver/Src/stm32f1xx_hal_cortex.o
 .debug_macro   0x000000000001a773      0x1eb ./Drivers/STM32F1xx_HAL_Driver/Src/stm32f1xx_hal_dac.o
 .debug_macro   0x000000000001a95e      0x1ea ./Drivers/STM32F1xx_HAL_Driver/Src/stm32f1xx_hal_dac_ex.o
 .debug_macro   0x000000000001ab48      0x1ea ./Drivers/STM32F1xx_HAL_Driver/Src/stm32f1xx_hal_dma.o
 .debug_macro   0x000000000001ad32      0x255 ./Drivers/STM32F1xx_HAL_Driver/Src/stm32f1xx_hal_gpio.o
 .debug_macro   0x000000000001af87      0x231 ./Drivers/STM32F1xx_HAL_Driver/Src/stm32f1xx_hal_i2c.o
 .debug_macro   0x000000000001b1b8      0x1fc ./Drivers/STM32F1xx_HAL_Driver/Src/stm32f1xx_hal_rcc.o
 .debug_macro   0x000000000001b3b4      0x1eb ./Drivers/STM32F1xx_HAL_Driver/Src/stm32f1xx_hal_sd.o
 .debug_macro   0x000000000001b59f      0x1ea ./Drivers/STM32F1xx_HAL_Driver/Src/stm32f1xx_hal_sram.o
 .debug_macro   0x000000000001b789      0x1eb ./Drivers/STM32F1xx_HAL_Driver/Src/stm32f1xx_hal_tim.o
 .debug_macro   0x000000000001b974      0x1ea ./Drivers/STM32F1xx_HAL_Driver/Src/stm32f1xx_hal_tim_ex.o
 .debug_macro   0x000000000001bb5e      0x223 ./Drivers/STM32F1xx_HAL_Driver/Src/stm32f1xx_ll_fsmc.o
 .debug_macro   0x000000000001bd81      0x1eb ./Drivers/STM32F1xx_HAL_Driver/Src/stm32f1xx_ll_sdmmc.o
 .debug_macro   0x000000000001bf6c      0x250 ./FATFS/App/fatfs.o
 .debug_macro   0x000000000001c1bc      0x1f9 ./FATFS/Target/bsp_driver_sd.o
 .debug_macro   0x000000000001c3b5       0x34 ./FATFS/Target/bsp_driver_sd.o
 .debug_macro   0x000000000001c3e9      0x23d ./Middlewares/Third_Party/FatFs/src/diskio.o
 .debug_macro   0x000000000001c626       0x16 ./Middlewares/Third_Party/FatFs/src/diskio.o
 .debug_macro   0x000000000001c63c       0x7c ./Middlewares/Third_Party/FatFs/src/diskio.o
 .debug_macro   0x000000000001c6b8      0x484 ./Middlewares/Third_Party/FatFs/src/ff.o
 .debug_macro   0x000000000001cb3c       0x58 ./Middlewares/Third_Party/FatFs/src/ff.o
 .debug_macro   0x000000000001cb94      0x23d ./Middlewares/Third_Party/FatFs/src/ff_gen_drv.o
 .debug_macro   0x000000000001cdd1      0x305 ./Middlewares/Third_Party/FatFs/src/drivers/sd_diskio.o
 .debug_macro   0x000000000001d0d6       0x10 ./Middlewares/Third_Party/FatFs/src/drivers/sd_diskio.o
 .debug_macro   0x000000000001d0e6       0x20 ./Middlewares/Third_Party/FatFs/src/drivers/sd_diskio.o
 .debug_macro   0x000000000001d106       0x56 ./Middlewares/Third_Party/FatFs/src/drivers/sd_diskio.o

.debug_line     0x0000000000000000    0x1b79f
 .debug_line    0x0000000000000000      0xda2 ./Core/Src/lcd.o
 .debug_line    0x0000000000000da2     0x105a ./Core/Src/main.o
 .debug_line    0x0000000000001dfc      0x916 ./Core/Src/stm32f1xx_hal_msp.o
 .debug_line    0x0000000000002712      0x81d ./Core/Src/stm32f1xx_it.o
 .debug_line    0x0000000000002f2f      0x7a9 ./Core/Src/system_stm32f1xx.o