../Core/Src/main.c:103:6:PlayDrum	24	static
../Core/Src/main.c:118:6:PlaySong	24	static
../Core/Src/main.c:141:6:HAL_DAC_ConvHalfCpltCallbackCh1	16	static
../Core/Src/main.c:146:6:HAL_DAC_ConvCpltCallbackCh1	16	static
../Core/Src/main.c:214:6:MPU6050_Init_Device	40	static
../Core/Src/main.c:251:6:MPU6050_Read	32	static
../Core/Src/main.c:263:6:refresh_LCD	8	static
../Core/Src/main.c:297:7:EMA_Filter	24	static
../Core/Src/main.c:340:6:DetectHit	32	static
../Core/Src/main.c:400:6:Calibrate_Gyro	24	static
../Core/Src/main.c:413:7:MPU6050_UpdateAngle	40	static
../Core/Src/main.c:450:5:main	8264	static
../Core/Src/main.c:732:6:SystemClock_Config	72	static
../Core/Src/main.c:772:13:MX_DAC_Init	16	static
../Core/Src/main.c:812:13:MX_I2C1_Init	8	static
../Core/Src/main.c:846:13:MX_I2C2_Init	8	static
../Core/Src/main.c:880:13:MX_SDIO_SD_Init	4	static
../Core/Src/main.c:908:13:MX_TIM6_Init	16	static
../Core/Src/main.c:944:13:MX_DMA_Init	16	static
../Core/Src/main.c:962:13:MX_GPIO_Init	48	static
../Core/Src/main.c:1021:13:MX_FSMC_Init	40	static
../Core/Src/main.c:1085:6:Error_Handler	4	static,ignoring_inline_asm
