../Core/Src/main.c:90:6:PlayDrum	32	static
../Core/Src/main.c:111:6:HAL_DAC_ConvHalfCpltCallbackCh1	16	static
../Core/Src/main.c:116:6:HAL_DAC_ConvCpltCallbackCh1	16	static
../Core/Src/main.c:133:6:MPU6050_Init	32	static
../Core/Src/main.c:156:6:MPU6050_Read_Accel	24	static
../Core/Src/main.c:170:6:refresh_LCD	8	static
../Core/Src/main.c:202:7:EMA_Filter	24	static
../Core/Src/main.c:213:6:DetectDrumHit_Advanced	24	static
../Core/Src/main.c:254:5:main	8240	static
../Core/Src/main.c:382:6:SystemClock_Config	72	static
../Core/Src/main.c:422:13:MX_DAC_Init	16	static
../Core/Src/main.c:462:13:MX_I2C2_Init	8	static
../Core/Src/main.c:496:13:MX_SDIO_SD_Init	4	static
../Core/Src/main.c:524:13:MX_TIM6_Init	16	static
../Core/Src/main.c:560:13:MX_DMA_Init	16	static
../Core/Src/main.c:578:13:MX_GPIO_Init	48	static
../Core/Src/main.c:634:13:MX_FSMC_Init	40	static
../Core/Src/main.c:698:6:Error_Handler	4	static,ignoring_inline_asm
