../Core/Src/stm32f1xx_hal_msp.c:64:6:HAL_MspInit	24	static
../Core/Src/stm32f1xx_hal_msp.c:90:6:HAL_DAC_MspInit	40	static
../Core/Src/stm32f1xx_hal_msp.c:139:6:HAL_DAC_MspDeInit	16	static
../Core/Src/stm32f1xx_hal_msp.c:169:6:HAL_I2C_MspInit	56	static
../Core/Src/stm32f1xx_hal_msp.c:227:6:HAL_I2C_MspDeInit	16	static
../Core/Src/stm32f1xx_hal_msp.c:278:6:HAL_SD_MspInit	48	static
../Core/Src/stm32f1xx_hal_msp.c:326:6:HAL_SD_MspDeInit	16	static
../Core/Src/stm32f1xx_hal_msp.c:364:6:HAL_TIM_Base_MspInit	24	static
../Core/Src/stm32f1xx_hal_msp.c:386:6:HAL_TIM_Base_MspDeInit	16	static
../Core/Src/stm32f1xx_hal_msp.c:404:13:HAL_FSMC_MspInit	32	static
../Core/Src/stm32f1xx_hal_msp.c:458:6:HAL_SRAM_MspInit	16	static
../Core/Src/stm32f1xx_hal_msp.c:470:13:HAL_FSMC_MspDeInit	8	static
../Core/Src/stm32f1xx_hal_msp.c:516:6:HAL_SRAM_MspDeInit	16	static
